ARM Linker, 5.03 [Build 76] [MDK-ARM Standard]

==============================================================================

Section Cross References

    startup_stm32f10x_md.o(RESET) refers to startup_stm32f10x_md.o(STACK) for __initial_sp
    startup_stm32f10x_md.o(RESET) refers to startup_stm32f10x_md.o(.text) for Reset_Handler
    startup_stm32f10x_md.o(.text) refers to main.o(.text) for SystemInit
    startup_stm32f10x_md.o(.text) refers to entry.o(.ARM.Collect$$$$00000000) for __main
    main.o(.text) refers to cpeschipdef.o(.text) for RCC_Configuration
    main.o(.text) refers to serial.o(.text) for USART_Configuration
    main.o(.text) refers to stm32f10x_gpio.o(.text) for GPIO_SetBits
    main.o(.text) refers to rfcomm.o(.text) for RF_RecvCmd
    main.o(.text) refers to dscomm.o(.text) for DS_getAMTData
    main.o(.text) refers to rfcomm.o(.data) for RFDataLength
    main.o(.text) refers to rfcomm.o(.bss) for RFBuffer
    main.o(.text) refers to serial.o(.data) for SerialDataLength
    main.o(.text) refers to serial.o(.bss) for SerialBuffer
    serial.o(.text) refers to stm32f10x_usart.o(.text) for USART_Init
    serial.o(.text) refers to stm32f10x_gpio.o(.text) for GPIO_ResetBits
    serial.o(.text) refers to cpeschipdef.o(.text) for RCC_Configuration
    serial.o(.text) refers to serial.o(.bss) for USART_InitStructure
    serial.o(.text) refers to serial.o(.data) for SerialBufferSize
    ammeter_cmd.o(.text) refers to serial.o(.text) for USART_Recv
    ammeter_cmd.o(.text) refers to memcpya.o(.text) for __aeabi_memcpy
    ammeter_cmd.o(.text) refers to cpeschipdef.o(.text) for Delay
    ammeter_cmd.o(.text) refers to ammeter_cmd.o(.bss) for amtCmd
    ammeter_cmd.o(.text) refers to ammeter_cmd.o(.data) for commandLength
    ammeter_cmd.o(.text) refers to serial.o(.bss) for SerialBuffer
    ammeter_cmd.o(.text) refers to serial.o(.data) for SerialDataLength
    rfcomm.o(.text) refers to stm32f10x_usart.o(.text) for USART_ReceiveData
    rfcomm.o(.text) refers to rfcomm.o(.bss) for RFBuffer
    rfcomm.o(.text) refers to rfcomm.o(.data) for RFBufferSize
    cpeschipdef.o(.text) refers to stm32f10x_rcc.o(.text) for RCC_DeInit
    cpeschipdef.o(.text) refers to stm32f10x_flash.o(.text) for FLASH_SetLatency
    cpeschipdef.o(.text) refers to stm32f10x_gpio.o(.text) for GPIO_PinRemapConfig
    cpeschipdef.o(.text) refers to stm32f10x_nvic.o(.text) for NVIC_SetVectorTable
    cpeschipdef.o(.text) refers to cpeschipdef.o(.data) for HSEStartUpStatus
    dscomm.o(.text) refers to ammeter_cmd.o(.text) for generateCmd
    dscomm.o(.text) refers to cpeschipdef.o(.text) for Delay
    stm32f10x_gpio.o(.text) refers to stm32f10x_rcc.o(.text) for RCC_APB2PeriphResetCmd
    stm32f10x_rcc.o(.text) refers to stm32f10x_rcc.o(.constdata) for APBAHBPrescTable
    stm32f10x_usart.o(.text) refers to stm32f10x_rcc.o(.text) for RCC_APB2PeriphResetCmd
    stm32f10x_nvic.o(.text) refers to cortexm3_macro.o(.text) for __SETPRIMASK
    entry.o(.ARM.Collect$$$$00000000) refers (Special) to entry10a.o(.ARM.Collect$$$$0000000D) for __rt_final_cpp
    entry.o(.ARM.Collect$$$$00000000) refers (Special) to entry11a.o(.ARM.Collect$$$$0000000F) for __rt_final_exit
    entry.o(.ARM.Collect$$$$00000000) refers (Special) to entry7b.o(.ARM.Collect$$$$00000008) for _main_clock
    entry.o(.ARM.Collect$$$$00000000) refers (Special) to entry8b.o(.ARM.Collect$$$$0000000A) for _main_cpp_init
    entry.o(.ARM.Collect$$$$00000000) refers (Special) to entry9a.o(.ARM.Collect$$$$0000000B) for _main_init
    entry.o(.ARM.Collect$$$$00000000) refers (Special) to entry5.o(.ARM.Collect$$$$00000004) for _main_scatterload
    entry.o(.ARM.Collect$$$$00000000) refers (Special) to entry2.o(.ARM.Collect$$$$00000001) for _main_stk
    entry2.o(.ARM.Collect$$$$00000001) refers to entry2.o(.ARM.Collect$$$$00002712) for __lit__00000000
    entry2.o(.ARM.Collect$$$$00002712) refers to startup_stm32f10x_md.o(STACK) for __initial_sp
    entry2.o(__vectab_stack_and_reset_area) refers to startup_stm32f10x_md.o(STACK) for __initial_sp
    entry2.o(__vectab_stack_and_reset_area) refers to entry.o(.ARM.Collect$$$$00000000) for __main
    entry5.o(.ARM.Collect$$$$00000004) refers to init.o(.text) for __scatterload
    entry9a.o(.ARM.Collect$$$$0000000B) refers to main.o(.text) for main
    entry9b.o(.ARM.Collect$$$$0000000C) refers to main.o(.text) for main
    init.o(.text) refers to entry5.o(.ARM.Collect$$$$00000004) for __main_after_scatterload


==============================================================================

Removing Unused input sections from the image.

    Removing startup_stm32f10x_md.o(HEAP), (512 bytes).

1 unused section(s) (total 512 bytes) removed from the image.

==============================================================================

Image Symbol Table

    Local Symbols

    Symbol Name                              Value     Ov Type        Size  Object(Section)

    ../clib/microlib/init/entry.s            0x00000000   Number         0  entry7b.o ABSOLUTE
    ../clib/microlib/init/entry.s            0x00000000   Number         0  entry8a.o ABSOLUTE
    ../clib/microlib/init/entry.s            0x00000000   Number         0  entry7a.o ABSOLUTE
    ../clib/microlib/init/entry.s            0x00000000   Number         0  entry10b.o ABSOLUTE
    ../clib/microlib/init/entry.s            0x00000000   Number         0  entry.o ABSOLUTE
    ../clib/microlib/init/entry.s            0x00000000   Number         0  entry11b.o ABSOLUTE
    ../clib/microlib/init/entry.s            0x00000000   Number         0  entry11a.o ABSOLUTE
    ../clib/microlib/init/entry.s            0x00000000   Number         0  entry2.o ABSOLUTE
    ../clib/microlib/init/entry.s            0x00000000   Number         0  entry10a.o ABSOLUTE
    ../clib/microlib/init/entry.s            0x00000000   Number         0  entry9b.o ABSOLUTE
    ../clib/microlib/init/entry.s            0x00000000   Number         0  entry5.o ABSOLUTE
    ../clib/microlib/init/entry.s            0x00000000   Number         0  entry9a.o ABSOLUTE
    ../clib/microlib/init/entry.s            0x00000000   Number         0  entry8b.o ABSOLUTE
    ../clib/microlib/string/memcpy.c         0x00000000   Number         0  memcpya.o ABSOLUTE
    ../clib/microlib/string/memcpy.c         0x00000000   Number         0  memcpyb.o ABSOLUTE
    Lib\stm32f10x_flash.c                    0x00000000   Number         0  stm32f10x_flash.o ABSOLUTE
    Lib\stm32f10x_gpio.c                     0x00000000   Number         0  stm32f10x_gpio.o ABSOLUTE
    Lib\stm32f10x_lib.c                      0x00000000   Number         0  stm32f10x_lib.o ABSOLUTE
    Lib\stm32f10x_nvic.c                     0x00000000   Number         0  stm32f10x_nvic.o ABSOLUTE
    Lib\stm32f10x_rcc.c                      0x00000000   Number         0  stm32f10x_rcc.o ABSOLUTE
    Lib\stm32f10x_usart.c                    0x00000000   Number         0  stm32f10x_usart.o ABSOLUTE
    Source\CPESchipdef.c                     0x00000000   Number         0  cpeschipdef.o ABSOLUTE
    Source\ammeter_cmd.c                     0x00000000   Number         0  ammeter_cmd.o ABSOLUTE
    Source\dscomm.c                          0x00000000   Number         0  dscomm.o ABSOLUTE
    Source\main.c                            0x00000000   Number         0  main.o ABSOLUTE
    Source\rfcomm.c                          0x00000000   Number         0  rfcomm.o ABSOLUTE
    Source\serial.c                          0x00000000   Number         0  serial.o ABSOLUTE
    cortexm3_macro.s                         0x00000000   Number         0  cortexm3_macro.o ABSOLUTE
    dc.s                                     0x00000000   Number         0  dc.o ABSOLUTE
    handlers.s                               0x00000000   Number         0  handlers.o ABSOLUTE
    init.s                                   0x00000000   Number         0  init.o ABSOLUTE
    startup_stm32f10x_md.s                   0x00000000   Number         0  startup_stm32f10x_md.o ABSOLUTE
    RESET                                    0x08000000   Section      236  startup_stm32f10x_md.o(RESET)
    .ARM.Collect$$$$00000000                 0x080000ec   Section        0  entry.o(.ARM.Collect$$$$00000000)
    .ARM.Collect$$$$00000001                 0x080000ec   Section        4  entry2.o(.ARM.Collect$$$$00000001)
    .ARM.Collect$$$$00000004                 0x080000f0   Section        4  entry5.o(.ARM.Collect$$$$00000004)
    .ARM.Collect$$$$00000008                 0x080000f4   Section        0  entry7b.o(.ARM.Collect$$$$00000008)
    .ARM.Collect$$$$0000000A                 0x080000f4   Section        0  entry8b.o(.ARM.Collect$$$$0000000A)
    .ARM.Collect$$$$0000000B                 0x080000f4   Section        8  entry9a.o(.ARM.Collect$$$$0000000B)
    .ARM.Collect$$$$0000000D                 0x080000fc   Section        0  entry10a.o(.ARM.Collect$$$$0000000D)
    .ARM.Collect$$$$0000000F                 0x080000fc   Section        0  entry11a.o(.ARM.Collect$$$$0000000F)
    .ARM.Collect$$$$00002712                 0x080000fc   Section        4  entry2.o(.ARM.Collect$$$$00002712)
    __lit__00000000                          0x080000fc   Data           4  entry2.o(.ARM.Collect$$$$00002712)
    .text                                    0x08000100   Section       36  startup_stm32f10x_md.o(.text)
    .text                                    0x08000124   Section       74  cortexm3_macro.o(.text)
    .text                                    0x08000170   Section        0  main.o(.text)
    .text                                    0x08000200   Section        0  serial.o(.text)
    .text                                    0x08000314   Section        0  ammeter_cmd.o(.text)
    .text                                    0x0800045c   Section        0  rfcomm.o(.text)
    .text                                    0x080004e0   Section        0  cpeschipdef.o(.text)
    .text                                    0x08000620   Section        0  dscomm.o(.text)
    .text                                    0x08000678   Section        0  stm32f10x_gpio.o(.text)
    .text                                    0x0800095c   Section        0  stm32f10x_rcc.o(.text)
    .text                                    0x08000d04   Section        0  stm32f10x_usart.o(.text)
    .text                                    0x08001074   Section        0  stm32f10x_flash.o(.text)
    delay                                    0x08001101   Thumb Code    26  stm32f10x_flash.o(.text)
    .text                                    0x080015a4   Section        0  stm32f10x_nvic.o(.text)
    .text                                    0x08001984   Section        0  memcpya.o(.text)
    .text                                    0x080019a8   Section       36  init.o(.text)
    i.__scatterload_copy                     0x080019cc   Section       14  handlers.o(i.__scatterload_copy)
    i.__scatterload_null                     0x080019da   Section        2  handlers.o(i.__scatterload_null)
    i.__scatterload_zeroinit                 0x080019dc   Section       14  handlers.o(i.__scatterload_zeroinit)
    .constdata                               0x080019ea   Section       20  stm32f10x_rcc.o(.constdata)
    APBAHBPrescTable                         0x080019ea   Data          16  stm32f10x_rcc.o(.constdata)
    ADCPrescTable                            0x080019fa   Data           4  stm32f10x_rcc.o(.constdata)
    .data                                    0x20000000   Section       26  serial.o(.data)
    .data                                    0x2000001a   Section       23  ammeter_cmd.o(.data)
    .data                                    0x20000031   Section        2  rfcomm.o(.data)
    .data                                    0x20000033   Section        1  cpeschipdef.o(.data)
    .bss                                     0x20000034   Section       82  serial.o(.bss)
    .bss                                     0x20000086   Section       16  ammeter_cmd.o(.bss)
    .bss                                     0x20000096   Section       50  rfcomm.o(.bss)
    STACK                                    0x200000c8   Section     1024  startup_stm32f10x_md.o(STACK)

    Global Symbols

    Symbol Name                              Value     Ov Type        Size  Object(Section)

    BuildAttributes$$THM_ISAv4$P$D$K$B$S$PE$A:L22UL41UL21$X:L11$S22US41US21$IEEE1$IW$USESV6$~STKCKD$USESV7$~SHL$OSPACE$EBA8$MICROLIB$REQ8$PRES8$EABIv2 0x00000000   Number         0  anon$$obj.o ABSOLUTE
    __ARM_use_no_argv                        0x00000000   Number         0  main.o ABSOLUTE
    __cpp_initialize__aeabi_                  - Undefined Weak Reference
    __cxa_finalize                            - Undefined Weak Reference
    __decompress                              - Undefined Weak Reference
    _clock_init                               - Undefined Weak Reference
    _microlib_exit                            - Undefined Weak Reference
    __Vectors_Size                           0x000000ec   Number         0  startup_stm32f10x_md.o ABSOLUTE
    __Vectors                                0x08000000   Data           4  startup_stm32f10x_md.o(RESET)
    __Vectors_End                            0x080000ec   Data           0  startup_stm32f10x_md.o(RESET)
    __main                                   0x080000ed   Thumb Code     0  entry.o(.ARM.Collect$$$$00000000)
    _main_stk                                0x080000ed   Thumb Code     0  entry2.o(.ARM.Collect$$$$00000001)
    _main_scatterload                        0x080000f1   Thumb Code     0  entry5.o(.ARM.Collect$$$$00000004)
    __main_after_scatterload                 0x080000f5   Thumb Code     0  entry5.o(.ARM.Collect$$$$00000004)
    _main_clock                              0x080000f5   Thumb Code     0  entry7b.o(.ARM.Collect$$$$00000008)
    _main_cpp_init                           0x080000f5   Thumb Code     0  entry8b.o(.ARM.Collect$$$$0000000A)
    _main_init                               0x080000f5   Thumb Code     0  entry9a.o(.ARM.Collect$$$$0000000B)
    __rt_final_cpp                           0x080000fd   Thumb Code     0  entry10a.o(.ARM.Collect$$$$0000000D)
    __rt_final_exit                          0x080000fd   Thumb Code     0  entry11a.o(.ARM.Collect$$$$0000000F)
    Reset_Handler                            0x08000101   Thumb Code     8  startup_stm32f10x_md.o(.text)
    NMI_Handler                              0x08000109   Thumb Code     2  startup_stm32f10x_md.o(.text)
    HardFault_Handler                        0x0800010b   Thumb Code     2  startup_stm32f10x_md.o(.text)
    MemManage_Handler                        0x0800010d   Thumb Code     2  startup_stm32f10x_md.o(.text)
    BusFault_Handler                         0x0800010f   Thumb Code     2  startup_stm32f10x_md.o(.text)
    UsageFault_Handler                       0x08000111   Thumb Code     2  startup_stm32f10x_md.o(.text)
    SVC_Handler                              0x08000113   Thumb Code     2  startup_stm32f10x_md.o(.text)
    DebugMon_Handler                         0x08000115   Thumb Code     2  startup_stm32f10x_md.o(.text)
    PendSV_Handler                           0x08000117   Thumb Code     2  startup_stm32f10x_md.o(.text)
    SysTick_Handler                          0x08000119   Thumb Code     2  startup_stm32f10x_md.o(.text)
    ADC1_2_IRQHandler                        0x0800011b   Thumb Code     0  startup_stm32f10x_md.o(.text)
    CAN1_RX1_IRQHandler                      0x0800011b   Thumb Code     0  startup_stm32f10x_md.o(.text)
    CAN1_SCE_IRQHandler                      0x0800011b   Thumb Code     0  startup_stm32f10x_md.o(.text)
    DMA1_Channel1_IRQHandler                 0x0800011b   Thumb Code     0  startup_stm32f10x_md.o(.text)
    DMA1_Channel2_IRQHandler                 0x0800011b   Thumb Code     0  startup_stm32f10x_md.o(.text)
    DMA1_Channel3_IRQHandler                 0x0800011b   Thumb Code     0  startup_stm32f10x_md.o(.text)
    DMA1_Channel4_IRQHandler                 0x0800011b   Thumb Code     0  startup_stm32f10x_md.o(.text)
    DMA1_Channel5_IRQHandler                 0x0800011b   Thumb Code     0  startup_stm32f10x_md.o(.text)
    DMA1_Channel6_IRQHandler                 0x0800011b   Thumb Code     0  startup_stm32f10x_md.o(.text)
    DMA1_Channel7_IRQHandler                 0x0800011b   Thumb Code     0  startup_stm32f10x_md.o(.text)
    EXTI0_IRQHandler                         0x0800011b   Thumb Code     0  startup_stm32f10x_md.o(.text)
    EXTI15_10_IRQHandler                     0x0800011b   Thumb Code     0  startup_stm32f10x_md.o(.text)
    EXTI1_IRQHandler                         0x0800011b   Thumb Code     0  startup_stm32f10x_md.o(.text)
    EXTI2_IRQHandler                         0x0800011b   Thumb Code     0  startup_stm32f10x_md.o(.text)
    EXTI3_IRQHandler                         0x0800011b   Thumb Code     0  startup_stm32f10x_md.o(.text)
    EXTI4_IRQHandler                         0x0800011b   Thumb Code     0  startup_stm32f10x_md.o(.text)
    EXTI9_5_IRQHandler                       0x0800011b   Thumb Code     0  startup_stm32f10x_md.o(.text)
    FLASH_IRQHandler                         0x0800011b   Thumb Code     0  startup_stm32f10x_md.o(.text)
    I2C1_ER_IRQHandler                       0x0800011b   Thumb Code     0  startup_stm32f10x_md.o(.text)
    I2C1_EV_IRQHandler                       0x0800011b   Thumb Code     0  startup_stm32f10x_md.o(.text)
    I2C2_ER_IRQHandler                       0x0800011b   Thumb Code     0  startup_stm32f10x_md.o(.text)
    I2C2_EV_IRQHandler                       0x0800011b   Thumb Code     0  startup_stm32f10x_md.o(.text)
    PVD_IRQHandler                           0x0800011b   Thumb Code     0  startup_stm32f10x_md.o(.text)
    RCC_IRQHandler                           0x0800011b   Thumb Code     0  startup_stm32f10x_md.o(.text)
    RTCAlarm_IRQHandler                      0x0800011b   Thumb Code     0  startup_stm32f10x_md.o(.text)
    RTC_IRQHandler                           0x0800011b   Thumb Code     0  startup_stm32f10x_md.o(.text)
    SPI1_IRQHandler                          0x0800011b   Thumb Code     0  startup_stm32f10x_md.o(.text)
    SPI2_IRQHandler                          0x0800011b   Thumb Code     0  startup_stm32f10x_md.o(.text)
    TAMPER_IRQHandler                        0x0800011b   Thumb Code     0  startup_stm32f10x_md.o(.text)
    TIM1_BRK_IRQHandler                      0x0800011b   Thumb Code     0  startup_stm32f10x_md.o(.text)
    TIM1_CC_IRQHandler                       0x0800011b   Thumb Code     0  startup_stm32f10x_md.o(.text)
    TIM1_TRG_COM_IRQHandler                  0x0800011b   Thumb Code     0  startup_stm32f10x_md.o(.text)
    TIM1_UP_IRQHandler                       0x0800011b   Thumb Code     0  startup_stm32f10x_md.o(.text)
    TIM2_IRQHandler                          0x0800011b   Thumb Code     0  startup_stm32f10x_md.o(.text)
    TIM3_IRQHandler                          0x0800011b   Thumb Code     0  startup_stm32f10x_md.o(.text)
    TIM4_IRQHandler                          0x0800011b   Thumb Code     0  startup_stm32f10x_md.o(.text)
    USART1_IRQHandler                        0x0800011b   Thumb Code     0  startup_stm32f10x_md.o(.text)
    USART2_IRQHandler                        0x0800011b   Thumb Code     0  startup_stm32f10x_md.o(.text)
    USART3_IRQHandler                        0x0800011b   Thumb Code     0  startup_stm32f10x_md.o(.text)
    USBWakeUp_IRQHandler                     0x0800011b   Thumb Code     0  startup_stm32f10x_md.o(.text)
    USB_HP_CAN1_TX_IRQHandler                0x0800011b   Thumb Code     0  startup_stm32f10x_md.o(.text)
    USB_LP_CAN1_RX0_IRQHandler               0x0800011b   Thumb Code     0  startup_stm32f10x_md.o(.text)
    WWDG_IRQHandler                          0x0800011b   Thumb Code     0  startup_stm32f10x_md.o(.text)
    __WFI                                    0x08000125   Thumb Code     0  cortexm3_macro.o(.text)
    __WFE                                    0x08000129   Thumb Code     0  cortexm3_macro.o(.text)
    __SEV                                    0x0800012d   Thumb Code     0  cortexm3_macro.o(.text)
    __ISB                                    0x08000131   Thumb Code     0  cortexm3_macro.o(.text)
    __DSB                                    0x08000137   Thumb Code     0  cortexm3_macro.o(.text)
    __DMB                                    0x0800013d   Thumb Code     0  cortexm3_macro.o(.text)
    __SVC                                    0x08000143   Thumb Code     0  cortexm3_macro.o(.text)
    __MRS_CONTROL                            0x08000147   Thumb Code     0  cortexm3_macro.o(.text)
    __MSR_CONTROL                            0x0800014d   Thumb Code     0  cortexm3_macro.o(.text)
    __SETPRIMASK                             0x08000153   Thumb Code     0  cortexm3_macro.o(.text)
    __RESETPRIMASK                           0x08000157   Thumb Code     0  cortexm3_macro.o(.text)
    __SETFAULTMASK                           0x0800015b   Thumb Code     0  cortexm3_macro.o(.text)
    __RESETFAULTMASK                         0x0800015f   Thumb Code     0  cortexm3_macro.o(.text)
    __BASEPRICONFIG                          0x08000163   Thumb Code     0  cortexm3_macro.o(.text)
    __GetBASEPRI                             0x08000169   Thumb Code     0  cortexm3_macro.o(.text)
    copyBuffer                               0x08000171   Thumb Code    28  main.o(.text)
    initBoard                                0x0800018d   Thumb Code    16  main.o(.text)
    main                                     0x0800019d   Thumb Code    68  main.o(.text)
    SystemInit                               0x080001e1   Thumb Code     2  main.o(.text)
    USART_Configuration                      0x08000201   Thumb Code    90  serial.o(.text)
    USART_Recv                               0x0800025b   Thumb Code    76  serial.o(.text)
    USART_Send                               0x080002a7   Thumb Code    56  serial.o(.text)
    InitUSARTPort                            0x080002df   Thumb Code    24  serial.o(.text)
    getCheckCode                             0x08000315   Thumb Code    36  ammeter_cmd.o(.text)
    AMT_RecvData                             0x08000339   Thumb Code     8  ammeter_cmd.o(.text)
    AMT_SendCmd                              0x08000341   Thumb Code     8  ammeter_cmd.o(.text)
    AMT_copyBuffer                           0x08000349   Thumb Code    32  ammeter_cmd.o(.text)
    generateCmd                              0x08000369   Thumb Code   150  ammeter_cmd.o(.text)
    AMT_getAmtPara                           0x080003ff   Thumb Code    56  ammeter_cmd.o(.text)
    RF_RecvCmd                               0x0800045d   Thumb Code    68  rfcomm.o(.text)
    RF_SendData                              0x080004a1   Thumb Code    46  rfcomm.o(.text)
    RCC_Configuration                        0x080004e1   Thumb Code   128  cpeschipdef.o(.text)
    GPIO_Configuration                       0x08000561   Thumb Code   150  cpeschipdef.o(.text)
    NVIC_Configuration                       0x080005f7   Thumb Code    14  cpeschipdef.o(.text)
    getNodeInfo                              0x08000605   Thumb Code     2  cpeschipdef.o(.text)
    Delay                                    0x08000607   Thumb Code    18  cpeschipdef.o(.text)
    DS_getAMTData                            0x08000621   Thumb Code    52  dscomm.o(.text)
    DS_getTempData                           0x08000655   Thumb Code     2  dscomm.o(.text)
    DS_getRadioData                          0x08000657   Thumb Code     2  dscomm.o(.text)
    DS_getSensorData                         0x08000659   Thumb Code    30  dscomm.o(.text)
    GPIO_DeInit                              0x08000679   Thumb Code   138  stm32f10x_gpio.o(.text)
    GPIO_AFIODeInit                          0x08000703   Thumb Code    20  stm32f10x_gpio.o(.text)
    GPIO_Init                                0x08000717   Thumb Code   274  stm32f10x_gpio.o(.text)
    GPIO_StructInit                          0x08000829   Thumb Code    16  stm32f10x_gpio.o(.text)
    GPIO_ReadInputDataBit                    0x08000839   Thumb Code    18  stm32f10x_gpio.o(.text)
    GPIO_ReadInputData                       0x0800084b   Thumb Code     8  stm32f10x_gpio.o(.text)
    GPIO_ReadOutputDataBit                   0x08000853   Thumb Code    18  stm32f10x_gpio.o(.text)
    GPIO_ReadOutputData                      0x08000865   Thumb Code     8  stm32f10x_gpio.o(.text)
    GPIO_SetBits                             0x0800086d   Thumb Code     4  stm32f10x_gpio.o(.text)
    GPIO_ResetBits                           0x08000871   Thumb Code     4  stm32f10x_gpio.o(.text)
    GPIO_WriteBit                            0x08000875   Thumb Code    10  stm32f10x_gpio.o(.text)
    GPIO_Write                               0x0800087f   Thumb Code     4  stm32f10x_gpio.o(.text)
    GPIO_PinLockConfig                       0x08000883   Thumb Code    18  stm32f10x_gpio.o(.text)
    GPIO_EventOutputConfig                   0x08000895   Thumb Code    26  stm32f10x_gpio.o(.text)
    GPIO_EventOutputCmd                      0x080008af   Thumb Code     6  stm32f10x_gpio.o(.text)
    GPIO_PinRemapConfig                      0x080008b5   Thumb Code    86  stm32f10x_gpio.o(.text)
    GPIO_EXTILineConfig                      0x0800090b   Thumb Code    66  stm32f10x_gpio.o(.text)
    RCC_DeInit                               0x0800095d   Thumb Code    78  stm32f10x_rcc.o(.text)
    RCC_HSEConfig                            0x080009ab   Thumb Code    70  stm32f10x_rcc.o(.text)
    RCC_GetFlagStatus                        0x080009f1   Thumb Code    56  stm32f10x_rcc.o(.text)
    RCC_WaitForHSEStartUp                    0x08000a29   Thumb Code    44  stm32f10x_rcc.o(.text)
    RCC_AdjustHSICalibrationValue            0x08000a55   Thumb Code    20  stm32f10x_rcc.o(.text)
    RCC_HSICmd                               0x08000a69   Thumb Code     6  stm32f10x_rcc.o(.text)
    RCC_PLLConfig                            0x08000a6f   Thumb Code    24  stm32f10x_rcc.o(.text)
    RCC_PLLCmd                               0x08000a87   Thumb Code     6  stm32f10x_rcc.o(.text)
    RCC_SYSCLKConfig                         0x08000a8d   Thumb Code    18  stm32f10x_rcc.o(.text)
    RCC_GetSYSCLKSource                      0x08000a9f   Thumb Code    10  stm32f10x_rcc.o(.text)
    RCC_HCLKConfig                           0x08000aa9   Thumb Code    18  stm32f10x_rcc.o(.text)
    RCC_PCLK1Config                          0x08000abb   Thumb Code    18  stm32f10x_rcc.o(.text)
    RCC_PCLK2Config                          0x08000acd   Thumb Code    20  stm32f10x_rcc.o(.text)
    RCC_ITConfig                             0x08000ae1   Thumb Code    26  stm32f10x_rcc.o(.text)
    RCC_USBCLKConfig                         0x08000afb   Thumb Code     6  stm32f10x_rcc.o(.text)
    RCC_ADCCLKConfig                         0x08000b01   Thumb Code    18  stm32f10x_rcc.o(.text)
    RCC_LSEConfig                            0x08000b13   Thumb Code    44  stm32f10x_rcc.o(.text)
    RCC_LSICmd                               0x08000b3f   Thumb Code     6  stm32f10x_rcc.o(.text)
    RCC_RTCCLKConfig                         0x08000b45   Thumb Code    12  stm32f10x_rcc.o(.text)
    RCC_RTCCLKCmd                            0x08000b51   Thumb Code     8  stm32f10x_rcc.o(.text)
    RCC_GetClocksFreq                        0x08000b59   Thumb Code   192  stm32f10x_rcc.o(.text)
    RCC_AHBPeriphClockCmd                    0x08000c19   Thumb Code    26  stm32f10x_rcc.o(.text)
    RCC_APB2PeriphClockCmd                   0x08000c33   Thumb Code    26  stm32f10x_rcc.o(.text)
    RCC_APB1PeriphClockCmd                   0x08000c4d   Thumb Code    26  stm32f10x_rcc.o(.text)
    RCC_APB2PeriphResetCmd                   0x08000c67   Thumb Code    26  stm32f10x_rcc.o(.text)
    RCC_APB1PeriphResetCmd                   0x08000c81   Thumb Code    26  stm32f10x_rcc.o(.text)
    RCC_BackupResetCmd                       0x08000c9b   Thumb Code     8  stm32f10x_rcc.o(.text)
    RCC_ClockSecuritySystemCmd               0x08000ca3   Thumb Code     6  stm32f10x_rcc.o(.text)
    RCC_MCOConfig                            0x08000ca9   Thumb Code     6  stm32f10x_rcc.o(.text)
    RCC_ClearFlag                            0x08000caf   Thumb Code    14  stm32f10x_rcc.o(.text)
    RCC_GetITStatus                          0x08000cbd   Thumb Code    20  stm32f10x_rcc.o(.text)
    RCC_ClearITPendingBit                    0x08000cd1   Thumb Code     6  stm32f10x_rcc.o(.text)
    USART_DeInit                             0x08000d05   Thumb Code   146  stm32f10x_usart.o(.text)
    USART_Init                               0x08000d97   Thumb Code   150  stm32f10x_usart.o(.text)
    USART_StructInit                         0x08000e2d   Thumb Code    24  stm32f10x_usart.o(.text)
    USART_ClockInit                          0x08000e45   Thumb Code    34  stm32f10x_usart.o(.text)
    USART_ClockStructInit                    0x08000e67   Thumb Code    12  stm32f10x_usart.o(.text)
    USART_Cmd                                0x08000e73   Thumb Code    24  stm32f10x_usart.o(.text)
    USART_ITConfig                           0x08000e8b   Thumb Code    64  stm32f10x_usart.o(.text)
    USART_DMACmd                             0x08000ecb   Thumb Code    18  stm32f10x_usart.o(.text)
    USART_SetAddress                         0x08000edd   Thumb Code    18  stm32f10x_usart.o(.text)
    USART_WakeUpConfig                       0x08000eef   Thumb Code    18  stm32f10x_usart.o(.text)
    USART_ReceiverWakeUpCmd                  0x08000f01   Thumb Code    24  stm32f10x_usart.o(.text)
    USART_LINBreakDetectLengthConfig         0x08000f19   Thumb Code    18  stm32f10x_usart.o(.text)
    USART_LINCmd                             0x08000f2b   Thumb Code    24  stm32f10x_usart.o(.text)
    USART_SendData                           0x08000f43   Thumb Code     8  stm32f10x_usart.o(.text)
    USART_ReceiveData                        0x08000f4b   Thumb Code    10  stm32f10x_usart.o(.text)
    USART_SendBreak                          0x08000f55   Thumb Code    10  stm32f10x_usart.o(.text)
    USART_SetGuardTime                       0x08000f5f   Thumb Code    16  stm32f10x_usart.o(.text)
    USART_SetPrescaler                       0x08000f6f   Thumb Code    16  stm32f10x_usart.o(.text)
    USART_SmartCardCmd                       0x08000f7f   Thumb Code    24  stm32f10x_usart.o(.text)
    USART_SmartCardNACKCmd                   0x08000f97   Thumb Code    24  stm32f10x_usart.o(.text)
    USART_HalfDuplexCmd                      0x08000faf   Thumb Code    24  stm32f10x_usart.o(.text)
    USART_IrDAConfig                         0x08000fc7   Thumb Code    18  stm32f10x_usart.o(.text)
    USART_IrDACmd                            0x08000fd9   Thumb Code    24  stm32f10x_usart.o(.text)
    USART_GetFlagStatus                      0x08000ff1   Thumb Code    18  stm32f10x_usart.o(.text)
    USART_ClearFlag                          0x08001003   Thumb Code     6  stm32f10x_usart.o(.text)
    USART_GetITStatus                        0x08001009   Thumb Code    76  stm32f10x_usart.o(.text)
    USART_ClearITPendingBit                  0x08001055   Thumb Code    20  stm32f10x_usart.o(.text)
    FLASH_SetLatency                         0x08001075   Thumb Code    22  stm32f10x_flash.o(.text)
    FLASH_HalfCycleAccessCmd                 0x0800108b   Thumb Code    22  stm32f10x_flash.o(.text)
    FLASH_PrefetchBufferCmd                  0x080010a1   Thumb Code    22  stm32f10x_flash.o(.text)
    FLASH_Unlock                             0x080010b7   Thumb Code    12  stm32f10x_flash.o(.text)
    FLASH_Lock                               0x080010c3   Thumb Code    14  stm32f10x_flash.o(.text)
    FLASH_GetStatus                          0x080010d1   Thumb Code    48  stm32f10x_flash.o(.text)
    FLASH_WaitForLastOperation               0x0800111b   Thumb Code    42  stm32f10x_flash.o(.text)
    FLASH_ErasePage                          0x08001145   Thumb Code    76  stm32f10x_flash.o(.text)
    FLASH_EraseAllPages                      0x08001191   Thumb Code    72  stm32f10x_flash.o(.text)
    FLASH_EraseOptionBytes                   0x080011d9   Thumb Code   142  stm32f10x_flash.o(.text)
    FLASH_ProgramWord                        0x08001267   Thumb Code   100  stm32f10x_flash.o(.text)
    FLASH_ProgramHalfWord                    0x080012cb   Thumb Code    64  stm32f10x_flash.o(.text)
    FLASH_ProgramOptionByteData              0x0800130b   Thumb Code    72  stm32f10x_flash.o(.text)
    FLASH_EnableWriteProtection              0x08001353   Thumb Code   182  stm32f10x_flash.o(.text)
    FLASH_ReadOutProtection                  0x08001409   Thumb Code   174  stm32f10x_flash.o(.text)
    FLASH_UserOptionByteConfig               0x080014b7   Thumb Code    94  stm32f10x_flash.o(.text)
    FLASH_GetUserOptionByte                  0x08001515   Thumb Code     8  stm32f10x_flash.o(.text)
    FLASH_GetWriteProtectionOptionByte       0x0800151d   Thumb Code     6  stm32f10x_flash.o(.text)
    FLASH_GetReadOutProtectionStatus         0x08001523   Thumb Code    20  stm32f10x_flash.o(.text)
    FLASH_GetPrefetchBufferStatus            0x08001537   Thumb Code    20  stm32f10x_flash.o(.text)
    FLASH_ITConfig                           0x0800154b   Thumb Code    26  stm32f10x_flash.o(.text)
    FLASH_GetFlagStatus                      0x08001565   Thumb Code    42  stm32f10x_flash.o(.text)
    FLASH_ClearFlag                          0x0800158f   Thumb Code     6  stm32f10x_flash.o(.text)
    NVIC_DeInit                              0x080015a5   Thumb Code    58  stm32f10x_nvic.o(.text)
    NVIC_SCBDeInit                           0x080015df   Thumb Code    76  stm32f10x_nvic.o(.text)
    NVIC_PriorityGroupConfig                 0x0800162b   Thumb Code    12  stm32f10x_nvic.o(.text)
    NVIC_Init                                0x08001637   Thumb Code   154  stm32f10x_nvic.o(.text)
    NVIC_StructInit                          0x080016d1   Thumb Code    12  stm32f10x_nvic.o(.text)
    NVIC_SETPRIMASK                          0x080016dd   Thumb Code     8  stm32f10x_nvic.o(.text)
    NVIC_RESETPRIMASK                        0x080016e5   Thumb Code     8  stm32f10x_nvic.o(.text)
    NVIC_SETFAULTMASK                        0x080016ed   Thumb Code     8  stm32f10x_nvic.o(.text)
    NVIC_RESETFAULTMASK                      0x080016f5   Thumb Code     8  stm32f10x_nvic.o(.text)
    NVIC_BASEPRICONFIG                       0x080016fd   Thumb Code    12  stm32f10x_nvic.o(.text)
    NVIC_GetBASEPRI                          0x08001709   Thumb Code     8  stm32f10x_nvic.o(.text)
    NVIC_GetCurrentPendingIRQChannel         0x08001711   Thumb Code    10  stm32f10x_nvic.o(.text)
    NVIC_GetIRQChannelPendingBitStatus       0x0800171b   Thumb Code    42  stm32f10x_nvic.o(.text)
    NVIC_SetIRQChannelPendingBit             0x08001745   Thumb Code     6  stm32f10x_nvic.o(.text)
    NVIC_ClearIRQChannelPendingBit           0x0800174b   Thumb Code    20  stm32f10x_nvic.o(.text)
    NVIC_GetCurrentActiveHandler             0x0800175f   Thumb Code    10  stm32f10x_nvic.o(.text)
    NVIC_GetIRQChannelActiveBitStatus        0x08001769   Thumb Code    42  stm32f10x_nvic.o(.text)
    NVIC_GetCPUID                            0x08001793   Thumb Code     8  stm32f10x_nvic.o(.text)
    NVIC_SetVectorTable                      0x0800179b   Thumb Code    14  stm32f10x_nvic.o(.text)
    NVIC_GenerateSystemReset                 0x080017a9   Thumb Code    12  stm32f10x_nvic.o(.text)
    NVIC_GenerateCoreReset                   0x080017b5   Thumb Code    12  stm32f10x_nvic.o(.text)
    NVIC_SystemLPConfig                      0x080017c1   Thumb Code    34  stm32f10x_nvic.o(.text)
    NVIC_SystemHandlerConfig                 0x080017e3   Thumb Code    48  stm32f10x_nvic.o(.text)
    NVIC_SystemHandlerPriorityConfig         0x08001813   Thumb Code   110  stm32f10x_nvic.o(.text)
    NVIC_GetSystemHandlerPendingBitStatus    0x08001881   Thumb Code    44  stm32f10x_nvic.o(.text)
    NVIC_SetSystemHandlerPendingBit          0x080018ad   Thumb Code    22  stm32f10x_nvic.o(.text)
    NVIC_ClearSystemHandlerPendingBit        0x080018c3   Thumb Code    26  stm32f10x_nvic.o(.text)
    NVIC_GetSystemHandlerActiveBitStatus     0x080018dd   Thumb Code    42  stm32f10x_nvic.o(.text)
    NVIC_GetFaultHandlerSources              0x08001907   Thumb Code    66  stm32f10x_nvic.o(.text)
    NVIC_GetFaultAddress                     0x08001949   Thumb Code    28  stm32f10x_nvic.o(.text)
    __aeabi_memcpy                           0x08001985   Thumb Code    36  memcpya.o(.text)
    __aeabi_memcpy4                          0x08001985   Thumb Code     0  memcpya.o(.text)
    __aeabi_memcpy8                          0x08001985   Thumb Code     0  memcpya.o(.text)
    __scatterload                            0x080019a9   Thumb Code    28  init.o(.text)
    __scatterload_rt2                        0x080019a9   Thumb Code     0  init.o(.text)
    __scatterload_copy                       0x080019cd   Thumb Code    14  handlers.o(i.__scatterload_copy)
    __scatterload_null                       0x080019db   Thumb Code     2  handlers.o(i.__scatterload_null)
    __scatterload_zeroinit                   0x080019dd   Thumb Code    14  handlers.o(i.__scatterload_zeroinit)
    Region$$Table$$Base                      0x08001a00   Number         0  anon$$obj.o(Region$$Table)
    Region$$Table$$Limit                     0x08001a20   Number         0  anon$$obj.o(Region$$Table)
    TxBuffer                                 0x20000000   Data          16  serial.o(.data)
    TxBufferSize                             0x20000010   Data           1  serial.o(.data)
    RxBufferSize                             0x20000011   Data           1  serial.o(.data)
    SerialBufferSize                         0x20000012   Data           1  serial.o(.data)
    SerialDataLength                         0x20000013   Data           1  serial.o(.data)
    TxCounter                                0x20000014   Data           1  serial.o(.data)
    RxCounter                                0x20000015   Data           1  serial.o(.data)
    GPIO_InitStructure                       0x20000016   Data           4  serial.o(.data)
    commandForAmt1Current                    0x2000001a   Data          16  ammeter_cmd.o(.data)
    commandLength                            0x2000002a   Data           1  ammeter_cmd.o(.data)
    AMT_addr                                 0x2000002b   Data           6  ammeter_cmd.o(.data)
    RFBufferSize                             0x20000031   Data           1  rfcomm.o(.data)
    RFDataLength                             0x20000032   Data           1  rfcomm.o(.data)
    HSEStartUpStatus                         0x20000033   Data           1  cpeschipdef.o(.data)
    RxBuffer                                 0x20000034   Data          16  serial.o(.bss)
    USART_InitStructure                      0x20000044   Data          16  serial.o(.bss)
    SerialBuffer                             0x20000054   Data          50  serial.o(.bss)
    amtCmd                                   0x20000086   Data          16  ammeter_cmd.o(.bss)
    RFBuffer                                 0x20000096   Data          50  rfcomm.o(.bss)
    __initial_sp                             0x200004c8   Data           0  startup_stm32f10x_md.o(STACK)



==============================================================================

Memory Map of the image

  Image Entry point : 0x08000101

  Load Region LR_1 (Base: 0x08000000, Size: 0x00001a54, Max: 0xffffffff, ABSOLUTE)

    Execution Region ER_RO (Base: 0x08000000, Size: 0x00001a20, Max: 0xffffffff, ABSOLUTE)

    Base Addr    Size         Type   Attr      Idx    E Section Name        Object

    0x08000000   0x000000ec   Data   RO            3    RESET               startup_stm32f10x_md.o
    0x080000ec   0x00000000   Code   RO          280  * .ARM.Collect$$$$00000000  mc_w.l(entry.o)
    0x080000ec   0x00000004   Code   RO          287    .ARM.Collect$$$$00000001  mc_w.l(entry2.o)
    0x080000f0   0x00000004   Code   RO          290    .ARM.Collect$$$$00000004  mc_w.l(entry5.o)
    0x080000f4   0x00000000   Code   RO          292    .ARM.Collect$$$$00000008  mc_w.l(entry7b.o)
    0x080000f4   0x00000000   Code   RO          294    .ARM.Collect$$$$0000000A  mc_w.l(entry8b.o)
    0x080000f4   0x00000008   Code   RO          295    .ARM.Collect$$$$0000000B  mc_w.l(entry9a.o)
    0x080000fc   0x00000000   Code   RO          297    .ARM.Collect$$$$0000000D  mc_w.l(entry10a.o)
    0x080000fc   0x00000000   Code   RO          299    .ARM.Collect$$$$0000000F  mc_w.l(entry11a.o)
    0x080000fc   0x00000004   Code   RO          288    .ARM.Collect$$$$00002712  mc_w.l(entry2.o)
    0x08000100   0x00000024   Code   RO            4  * .text               startup_stm32f10x_md.o
    0x08000124   0x0000004a   Code   RO           10    .text               cortexm3_macro.o
    0x0800016e   0x00000002   PAD
    0x08000170   0x00000090   Code   RO           13    .text               main.o
    0x08000200   0x00000114   Code   RO          130    .text               serial.o
    0x08000314   0x00000148   Code   RO          146    .text               ammeter_cmd.o
    0x0800045c   0x00000084   Code   RO          163    .text               rfcomm.o
    0x080004e0   0x00000140   Code   RO          179    .text               cpeschipdef.o
    0x08000620   0x00000056   Code   RO          194    .text               dscomm.o
    0x08000676   0x00000002   PAD
    0x08000678   0x000002e4   Code   RO          206    .text               stm32f10x_gpio.o
    0x0800095c   0x000003a8   Code   RO          227    .text               stm32f10x_rcc.o
    0x08000d04   0x00000370   Code   RO          241    .text               stm32f10x_usart.o
    0x08001074   0x00000530   Code   RO          253    .text               stm32f10x_flash.o
    0x080015a4   0x000003e0   Code   RO          265    .text               stm32f10x_nvic.o
    0x08001984   0x00000024   Code   RO          283    .text               mc_w.l(memcpya.o)
    0x080019a8   0x00000024   Code   RO          301    .text               mc_w.l(init.o)
    0x080019cc   0x0000000e   Code   RO          305    i.__scatterload_copy  mc_w.l(handlers.o)
    0x080019da   0x00000002   Code   RO          306    i.__scatterload_null  mc_w.l(handlers.o)
    0x080019dc   0x0000000e   Code   RO          307    i.__scatterload_zeroinit  mc_w.l(handlers.o)
    0x080019ea   0x00000014   Data   RO          228    .constdata          stm32f10x_rcc.o
    0x080019fe   0x00000002   PAD
    0x08001a00   0x00000020   Data   RO          303    Region$$Table       anon$$obj.o


    Execution Region ER_RW (Base: 0x20000000, Size: 0x00000034, Max: 0xffffffff, ABSOLUTE)

    Base Addr    Size         Type   Attr      Idx    E Section Name        Object

    0x20000000   0x0000001a   Data   RW          132    .data               serial.o
    0x2000001a   0x00000017   Data   RW          148    .data               ammeter_cmd.o
    0x20000031   0x00000002   Data   RW          165    .data               rfcomm.o
    0x20000033   0x00000001   Data   RW          180    .data               cpeschipdef.o


    Execution Region ER_ZI (Base: 0x20000034, Size: 0x00000494, Max: 0xffffffff, ABSOLUTE)

    Base Addr    Size         Type   Attr      Idx    E Section Name        Object

    0x20000034   0x00000052   Zero   RW          131    .bss                serial.o
    0x20000086   0x00000010   Zero   RW          147    .bss                ammeter_cmd.o
    0x20000096   0x00000032   Zero   RW          164    .bss                rfcomm.o
    0x200000c8   0x00000400   Zero   RW            1    STACK               startup_stm32f10x_md.o


==============================================================================

Image component sizes


      Code (inc. data)   RO Data    RW Data    ZI Data      Debug   Object Name

       328         38          0         23         16       2316   ammeter_cmd.o
        74          0          0          0          0        252   cortexm3_macro.o
       320          8          0          1          0       1411   cpeschipdef.o
        86          0          0          0          0        960   dscomm.o
       144         30          0          0          0      43965   main.o
       132         18          0          2         50       1146   rfcomm.o
       276         30          0         26         82       2106   serial.o
        36          8        236          0       1024        756   startup_stm32f10x_md.o
      1328         34          0          0          0       5746   stm32f10x_flash.o
       740         16          0          0          0       4983   stm32f10x_gpio.o
       992         32          0          0          0      14684   stm32f10x_nvic.o
       936         46         20          0          0       8408   stm32f10x_rcc.o
       880         12          0          0          0       7535   stm32f10x_usart.o

    ----------------------------------------------------------------------
      6276        272        290         52       1172      94268   Object Totals
         0          0         32          0          0          0   (incl. Generated)
         4          0          2          0          0          0   (incl. Padding)

    ----------------------------------------------------------------------

      Code (inc. data)   RO Data    RW Data    ZI Data      Debug   Library Member Name

         0          0          0          0          0          0   entry.o
         0          0          0          0          0          0   entry10a.o
         0          0          0          0          0          0   entry11a.o
         8          4          0          0          0          0   entry2.o
         4          0          0          0          0          0   entry5.o
         0          0          0          0          0          0   entry7b.o
         0          0          0          0          0          0   entry8b.o
         8          4          0          0          0          0   entry9a.o
        30          0          0          0          0          0   handlers.o
        36          8          0          0          0         68   init.o
        36          0          0          0          0         68   memcpya.o

    ----------------------------------------------------------------------
       122         16          0          0          0        136   Library Totals
         0          0          0          0          0          0   (incl. Padding)

    ----------------------------------------------------------------------

      Code (inc. data)   RO Data    RW Data    ZI Data      Debug   Library Name

       122         16          0          0          0        136   mc_w.l

    ----------------------------------------------------------------------
       122         16          0          0          0        136   Library Totals

    ----------------------------------------------------------------------

==============================================================================


      Code (inc. data)   RO Data    RW Data    ZI Data      Debug   

      6398        288        290         52       1172      93104   Grand Totals
      6398        288        290         52       1172      93104   ELF Image Totals
      6398        288        290         52          0          0   ROM Totals

==============================================================================

    Total RO  Size (Code + RO Data)                 6688 (   6.53kB)
    Total RW  Size (RW Data + ZI Data)              1224 (   1.20kB)
    Total ROM Size (Code + RO Data + RW Data)       6740 (   6.58kB)

==============================================================================

