ARM Linker, 5.03 [Build 76] [MDK-ARM Standard]

==============================================================================

Section Cross References

    startup_stm32f10x_md.o(RESET) refers to startup_stm32f10x_md.o(STACK) for __initial_sp
    startup_stm32f10x_md.o(RESET) refers to startup_stm32f10x_md.o(.text) for Reset_Handler
    startup_stm32f10x_md.o(RESET) refers to stm32f10x_it.o(.text) for NMI_Handler
    startup_stm32f10x_md.o(.text) refers to main.o(.text) for SystemInit
    startup_stm32f10x_md.o(.text) refers to entry.o(.ARM.Collect$$$$00000000) for __main
    main.o(.text) refers to cpeschipdef.o(.text) for RCC_Configuration
    main.o(.text) refers to stm32f10x_bkp.o(.text) for BKP_ReadBackupRegister
    main.o(.text) refers to stm32f10x_rcc.o(.text) for RCC_GetFlagStatus
    main.o(.text) refers to stm32f10x_rtc.o(.text) for RTC_ITConfig
    main.o(.text) refers to serial.o(.text) for USART_Configuration
    main.o(.text) refers to stm32f10x_gpio.o(.text) for GPIO_SetBits
    main.o(.text) refers to dscomm.o(.text) for DS_getAMTPara
    main.o(.text) refers to rfcomm.o(.text) for RF_SendData
    main.o(.text) refers to main.o(.data) for idx
    main.o(.text) refers to rfcomm.o(.data) for RFDataLength
    main.o(.text) refers to rfcomm.o(.bss) for RFBuffer
    main.o(.text) refers to serial.o(.data) for SerialDataLength
    main.o(.text) refers to serial.o(.bss) for SerialBuffer
    serial.o(.text) refers to stm32f10x_usart.o(.text) for USART_Init
    serial.o(.text) refers to stm32f10x_gpio.o(.text) for GPIO_ResetBits
    serial.o(.text) refers to cpeschipdef.o(.text) for RCC_Configuration
    serial.o(.text) refers to serial.o(.bss) for SerialBuffer
    serial.o(.text) refers to serial.o(.data) for SerialDataLength
    ammeter_cmd.o(.text) refers to memcpya.o(.text) for __aeabi_memcpy
    ammeter_cmd.o(.text) refers to ammeter_cmd.o(.data) for commandLength
    ammeter_cmd.o(.text) refers to ammeter_cmd.o(.bss) for amtCmd
    rfcomm.o(.text) refers to stm32f10x_usart.o(.text) for USART_ReceiveData
    rfcomm.o(.text) refers to rfcomm.o(.bss) for RFBuffer
    rfcomm.o(.text) refers to rfcomm.o(.data) for RFBufferSize
    cpeschipdef.o(.text) refers to stm32f10x_rcc.o(.text) for RCC_DeInit
    cpeschipdef.o(.text) refers to stm32f10x_flash.o(.text) for FLASH_SetLatency
    cpeschipdef.o(.text) refers to stm32f10x_gpio.o(.text) for GPIO_PinRemapConfig
    cpeschipdef.o(.text) refers to misc.o(.text) for NVIC_SetVectorTable
    cpeschipdef.o(.text) refers to stm32f10x_pwr.o(.text) for PWR_BackupAccessCmd
    cpeschipdef.o(.text) refers to stm32f10x_bkp.o(.text) for BKP_DeInit
    cpeschipdef.o(.text) refers to stm32f10x_rtc.o(.text) for RTC_WaitForSynchro
    cpeschipdef.o(.text) refers to cpeschipdef.o(.data) for HSEStartUpStatus
    dscomm.o(.text) refers to serial.o(.text) for USART_Recv
    dscomm.o(.text) refers to ammeter_cmd.o(.text) for generateCmd
    dscomm.o(.text) refers to cpeschipdef.o(.text) for Delay
    dscomm.o(.text) refers to serial.o(.bss) for SerialBuffer
    dscomm.o(.text) refers to serial.o(.data) for SerialDataLength
    stm32f10x_it.o(.text) refers to stm32f10x_rtc.o(.text) for RTC_GetITStatus
    stm32f10x_it.o(.text) refers to stm32f10x_gpio.o(.text) for GPIO_ResetBits
    stm32f10x_it.o(.text) refers to cpeschipdef.o(.text) for Delay
    stm32f10x_gpio.o(.text) refers to stm32f10x_rcc.o(.text) for RCC_APB2PeriphResetCmd
    stm32f10x_rcc.o(.text) refers to stm32f10x_rcc.o(.data) for APBAHBPrescTable
    stm32f10x_usart.o(.text) refers to stm32f10x_rcc.o(.text) for RCC_APB2PeriphResetCmd
    stm32f10x_pwr.o(.text) refers to stm32f10x_rcc.o(.text) for RCC_APB1PeriphResetCmd
    stm32f10x_bkp.o(.text) refers to stm32f10x_rcc.o(.text) for RCC_BackupResetCmd
    entry.o(.ARM.Collect$$$$00000000) refers (Special) to entry10a.o(.ARM.Collect$$$$0000000D) for __rt_final_cpp
    entry.o(.ARM.Collect$$$$00000000) refers (Special) to entry11a.o(.ARM.Collect$$$$0000000F) for __rt_final_exit
    entry.o(.ARM.Collect$$$$00000000) refers (Special) to entry7b.o(.ARM.Collect$$$$00000008) for _main_clock
    entry.o(.ARM.Collect$$$$00000000) refers (Special) to entry8b.o(.ARM.Collect$$$$0000000A) for _main_cpp_init
    entry.o(.ARM.Collect$$$$00000000) refers (Special) to entry9a.o(.ARM.Collect$$$$0000000B) for _main_init
    entry.o(.ARM.Collect$$$$00000000) refers (Special) to entry5.o(.ARM.Collect$$$$00000004) for _main_scatterload
    entry.o(.ARM.Collect$$$$00000000) refers (Special) to entry2.o(.ARM.Collect$$$$00000001) for _main_stk
    entry2.o(.ARM.Collect$$$$00000001) refers to entry2.o(.ARM.Collect$$$$00002712) for __lit__00000000
    entry2.o(.ARM.Collect$$$$00002712) refers to startup_stm32f10x_md.o(STACK) for __initial_sp
    entry2.o(__vectab_stack_and_reset_area) refers to startup_stm32f10x_md.o(STACK) for __initial_sp
    entry2.o(__vectab_stack_and_reset_area) refers to entry.o(.ARM.Collect$$$$00000000) for __main
    entry5.o(.ARM.Collect$$$$00000004) refers to init.o(.text) for __scatterload
    entry9a.o(.ARM.Collect$$$$0000000B) refers to main.o(.text) for main
    entry9b.o(.ARM.Collect$$$$0000000C) refers to main.o(.text) for main
    init.o(.text) refers to entry5.o(.ARM.Collect$$$$00000004) for __main_after_scatterload


==============================================================================

Removing Unused input sections from the image.

    Removing startup_stm32f10x_md.o(HEAP), (512 bytes).
    Removing cortexm3_macro.o(.text), (74 bytes).
    Removing main.o(.rev16_text), (4 bytes).
    Removing main.o(.revsh_text), (4 bytes).
    Removing serial.o(.rev16_text), (4 bytes).
    Removing serial.o(.revsh_text), (4 bytes).
    Removing ammeter_cmd.o(.rev16_text), (4 bytes).
    Removing ammeter_cmd.o(.revsh_text), (4 bytes).
    Removing rfcomm.o(.rev16_text), (4 bytes).
    Removing rfcomm.o(.revsh_text), (4 bytes).
    Removing cpeschipdef.o(.rev16_text), (4 bytes).
    Removing cpeschipdef.o(.revsh_text), (4 bytes).
    Removing dscomm.o(.rev16_text), (4 bytes).
    Removing dscomm.o(.revsh_text), (4 bytes).
    Removing stm32f10x_it.o(.rev16_text), (4 bytes).
    Removing stm32f10x_it.o(.revsh_text), (4 bytes).
    Removing stm32f10x_gpio.o(.rev16_text), (4 bytes).
    Removing stm32f10x_gpio.o(.revsh_text), (4 bytes).
    Removing stm32f10x_rcc.o(.rev16_text), (4 bytes).
    Removing stm32f10x_rcc.o(.revsh_text), (4 bytes).
    Removing stm32f10x_usart.o(.rev16_text), (4 bytes).
    Removing stm32f10x_usart.o(.revsh_text), (4 bytes).
    Removing stm32f10x_flash.o(.rev16_text), (4 bytes).
    Removing stm32f10x_flash.o(.revsh_text), (4 bytes).
    Removing misc.o(.rev16_text), (4 bytes).
    Removing misc.o(.revsh_text), (4 bytes).
    Removing stm32f10x_rtc.o(.rev16_text), (4 bytes).
    Removing stm32f10x_rtc.o(.revsh_text), (4 bytes).
    Removing stm32f10x_pwr.o(.rev16_text), (4 bytes).
    Removing stm32f10x_pwr.o(.revsh_text), (4 bytes).
    Removing stm32f10x_bkp.o(.rev16_text), (4 bytes).
    Removing stm32f10x_bkp.o(.revsh_text), (4 bytes).

32 unused section(s) (total 706 bytes) removed from the image.

==============================================================================

Image Symbol Table

    Local Symbols

    Symbol Name                              Value     Ov Type        Size  Object(Section)

    ../clib/microlib/init/entry.s            0x00000000   Number         0  entry11b.o ABSOLUTE
    ../clib/microlib/init/entry.s            0x00000000   Number         0  entry11a.o ABSOLUTE
    ../clib/microlib/init/entry.s            0x00000000   Number         0  entry10b.o ABSOLUTE
    ../clib/microlib/init/entry.s            0x00000000   Number         0  entry9b.o ABSOLUTE
    ../clib/microlib/init/entry.s            0x00000000   Number         0  entry9a.o ABSOLUTE
    ../clib/microlib/init/entry.s            0x00000000   Number         0  entry8b.o ABSOLUTE
    ../clib/microlib/init/entry.s            0x00000000   Number         0  entry8a.o ABSOLUTE
    ../clib/microlib/init/entry.s            0x00000000   Number         0  entry7b.o ABSOLUTE
    ../clib/microlib/init/entry.s            0x00000000   Number         0  entry7a.o ABSOLUTE
    ../clib/microlib/init/entry.s            0x00000000   Number         0  entry5.o ABSOLUTE
    ../clib/microlib/init/entry.s            0x00000000   Number         0  entry2.o ABSOLUTE
    ../clib/microlib/init/entry.s            0x00000000   Number         0  entry10a.o ABSOLUTE
    ../clib/microlib/init/entry.s            0x00000000   Number         0  entry.o ABSOLUTE
    ../clib/microlib/string/memcpy.c         0x00000000   Number         0  memcpyb.o ABSOLUTE
    ../clib/microlib/string/memcpy.c         0x00000000   Number         0  memcpya.o ABSOLUTE
    ARMLib\STM32F10x_StdPeriph_Driver\src\misc.c 0x00000000   Number         0  misc.o ABSOLUTE
    ARMLib\STM32F10x_StdPeriph_Driver\src\stm32f10x_bkp.c 0x00000000   Number         0  stm32f10x_bkp.o ABSOLUTE
    ARMLib\STM32F10x_StdPeriph_Driver\src\stm32f10x_flash.c 0x00000000   Number         0  stm32f10x_flash.o ABSOLUTE
    ARMLib\STM32F10x_StdPeriph_Driver\src\stm32f10x_gpio.c 0x00000000   Number         0  stm32f10x_gpio.o ABSOLUTE
    ARMLib\STM32F10x_StdPeriph_Driver\src\stm32f10x_pwr.c 0x00000000   Number         0  stm32f10x_pwr.o ABSOLUTE
    ARMLib\STM32F10x_StdPeriph_Driver\src\stm32f10x_rcc.c 0x00000000   Number         0  stm32f10x_rcc.o ABSOLUTE
    ARMLib\STM32F10x_StdPeriph_Driver\src\stm32f10x_rtc.c 0x00000000   Number         0  stm32f10x_rtc.o ABSOLUTE
    ARMLib\STM32F10x_StdPeriph_Driver\src\stm32f10x_usart.c 0x00000000   Number         0  stm32f10x_usart.o ABSOLUTE
    ARMLib\\STM32F10x_StdPeriph_Driver\\src\\misc.c 0x00000000   Number         0  misc.o ABSOLUTE
    ARMLib\\STM32F10x_StdPeriph_Driver\\src\\stm32f10x_bkp.c 0x00000000   Number         0  stm32f10x_bkp.o ABSOLUTE
    ARMLib\\STM32F10x_StdPeriph_Driver\\src\\stm32f10x_flash.c 0x00000000   Number         0  stm32f10x_flash.o ABSOLUTE
    ARMLib\\STM32F10x_StdPeriph_Driver\\src\\stm32f10x_gpio.c 0x00000000   Number         0  stm32f10x_gpio.o ABSOLUTE
    ARMLib\\STM32F10x_StdPeriph_Driver\\src\\stm32f10x_pwr.c 0x00000000   Number         0  stm32f10x_pwr.o ABSOLUTE
    ARMLib\\STM32F10x_StdPeriph_Driver\\src\\stm32f10x_rcc.c 0x00000000   Number         0  stm32f10x_rcc.o ABSOLUTE
    ARMLib\\STM32F10x_StdPeriph_Driver\\src\\stm32f10x_rtc.c 0x00000000   Number         0  stm32f10x_rtc.o ABSOLUTE
    ARMLib\\STM32F10x_StdPeriph_Driver\\src\\stm32f10x_usart.c 0x00000000   Number         0  stm32f10x_usart.o ABSOLUTE
    Source\CPESchipdef.c                     0x00000000   Number         0  cpeschipdef.o ABSOLUTE
    Source\\CPESchipdef.c                    0x00000000   Number         0  cpeschipdef.o ABSOLUTE
    Source\\ammeter_cmd.c                    0x00000000   Number         0  ammeter_cmd.o ABSOLUTE
    Source\\dscomm.c                         0x00000000   Number         0  dscomm.o ABSOLUTE
    Source\\main.c                           0x00000000   Number         0  main.o ABSOLUTE
    Source\\rfcomm.c                         0x00000000   Number         0  rfcomm.o ABSOLUTE
    Source\\serial.c                         0x00000000   Number         0  serial.o ABSOLUTE
    Source\\stm32f10x_it.c                   0x00000000   Number         0  stm32f10x_it.o ABSOLUTE
    Source\ammeter_cmd.c                     0x00000000   Number         0  ammeter_cmd.o ABSOLUTE
    Source\dscomm.c                          0x00000000   Number         0  dscomm.o ABSOLUTE
    Source\main.c                            0x00000000   Number         0  main.o ABSOLUTE
    Source\rfcomm.c                          0x00000000   Number         0  rfcomm.o ABSOLUTE
    Source\serial.c                          0x00000000   Number         0  serial.o ABSOLUTE
    Source\stm32f10x_it.c                    0x00000000   Number         0  stm32f10x_it.o ABSOLUTE
    cortexm3_macro.s                         0x00000000   Number         0  cortexm3_macro.o ABSOLUTE
    dc.s                                     0x00000000   Number         0  dc.o ABSOLUTE
    handlers.s                               0x00000000   Number         0  handlers.o ABSOLUTE
    init.s                                   0x00000000   Number         0  init.o ABSOLUTE
    startup_stm32f10x_md.s                   0x00000000   Number         0  startup_stm32f10x_md.o ABSOLUTE
    RESET                                    0x08000000   Section      236  startup_stm32f10x_md.o(RESET)
    .ARM.Collect$$$$00000000                 0x080000ec   Section        0  entry.o(.ARM.Collect$$$$00000000)
    .ARM.Collect$$$$00000001                 0x080000ec   Section        4  entry2.o(.ARM.Collect$$$$00000001)
    .ARM.Collect$$$$00000004                 0x080000f0   Section        4  entry5.o(.ARM.Collect$$$$00000004)
    .ARM.Collect$$$$00000008                 0x080000f4   Section        0  entry7b.o(.ARM.Collect$$$$00000008)
    .ARM.Collect$$$$0000000A                 0x080000f4   Section        0  entry8b.o(.ARM.Collect$$$$0000000A)
    .ARM.Collect$$$$0000000B                 0x080000f4   Section        8  entry9a.o(.ARM.Collect$$$$0000000B)
    .ARM.Collect$$$$0000000D                 0x080000fc   Section        0  entry10a.o(.ARM.Collect$$$$0000000D)
    .ARM.Collect$$$$0000000F                 0x080000fc   Section        0  entry11a.o(.ARM.Collect$$$$0000000F)
    .ARM.Collect$$$$00002712                 0x080000fc   Section        4  entry2.o(.ARM.Collect$$$$00002712)
    __lit__00000000                          0x080000fc   Data           4  entry2.o(.ARM.Collect$$$$00002712)
    .text                                    0x08000100   Section       36  startup_stm32f10x_md.o(.text)
    .text                                    0x08000124   Section        0  main.o(.text)
    .text                                    0x08000218   Section        0  serial.o(.text)
    .text                                    0x0800032c   Section        0  ammeter_cmd.o(.text)
    .text                                    0x08000454   Section        0  rfcomm.o(.text)
    .text                                    0x080004d8   Section        0  cpeschipdef.o(.text)
    .text                                    0x08000690   Section        0  dscomm.o(.text)
    .text                                    0x0800078c   Section        0  stm32f10x_it.o(.text)
    .text                                    0x080007d8   Section        0  stm32f10x_gpio.o(.text)
    .text                                    0x08000b30   Section        0  stm32f10x_rcc.o(.text)
    .text                                    0x08000ed4   Section        0  stm32f10x_usart.o(.text)
    .text                                    0x080012dc   Section        0  stm32f10x_flash.o(.text)
    .text                                    0x08001898   Section        0  misc.o(.text)
    .text                                    0x08001974   Section        0  stm32f10x_rtc.o(.text)
    .text                                    0x08001ab8   Section        0  stm32f10x_pwr.o(.text)
    .text                                    0x08001b84   Section        0  stm32f10x_bkp.o(.text)
    .text                                    0x08001c48   Section        0  memcpya.o(.text)
    .text                                    0x08001c6c   Section       36  init.o(.text)
    i.__scatterload_copy                     0x08001c90   Section       14  handlers.o(i.__scatterload_copy)
    i.__scatterload_null                     0x08001c9e   Section        2  handlers.o(i.__scatterload_null)
    i.__scatterload_zeroinit                 0x08001ca0   Section       14  handlers.o(i.__scatterload_zeroinit)
    .data                                    0x20000000   Section        2  main.o(.data)
    .data                                    0x20000002   Section        2  serial.o(.data)
    .data                                    0x20000004   Section       17  ammeter_cmd.o(.data)
    .data                                    0x20000015   Section        2  rfcomm.o(.data)
    .data                                    0x20000017   Section        1  cpeschipdef.o(.data)
    .data                                    0x20000018   Section       20  stm32f10x_rcc.o(.data)
    APBAHBPrescTable                         0x20000018   Data          16  stm32f10x_rcc.o(.data)
    ADCPrescTable                            0x20000028   Data           4  stm32f10x_rcc.o(.data)
    .bss                                     0x2000002c   Section       50  serial.o(.bss)
    .bss                                     0x2000005e   Section       16  ammeter_cmd.o(.bss)
    .bss                                     0x2000006e   Section       50  rfcomm.o(.bss)
    STACK                                    0x200000a0   Section     1024  startup_stm32f10x_md.o(STACK)

    Global Symbols

    Symbol Name                              Value     Ov Type        Size  Object(Section)

    BuildAttributes$$THM_ISAv4$P$D$K$B$S$PE$A:L22UL41UL21$X:L11$S22US41US21$IEEE1$IW$USESV6$~STKCKD$USESV7$~SHL$OSPACE$EBA8$MICROLIB$REQ8$PRES8$EABIv2 0x00000000   Number         0  anon$$obj.o ABSOLUTE
    __ARM_use_no_argv                        0x00000000   Number         0  main.o ABSOLUTE
    __cpp_initialize__aeabi_                  - Undefined Weak Reference
    __cxa_finalize                            - Undefined Weak Reference
    __decompress                              - Undefined Weak Reference
    _clock_init                               - Undefined Weak Reference
    _microlib_exit                            - Undefined Weak Reference
    __Vectors_Size                           0x000000ec   Number         0  startup_stm32f10x_md.o ABSOLUTE
    __Vectors                                0x08000000   Data           4  startup_stm32f10x_md.o(RESET)
    __Vectors_End                            0x080000ec   Data           0  startup_stm32f10x_md.o(RESET)
    __main                                   0x080000ed   Thumb Code     0  entry.o(.ARM.Collect$$$$00000000)
    _main_stk                                0x080000ed   Thumb Code     0  entry2.o(.ARM.Collect$$$$00000001)
    _main_scatterload                        0x080000f1   Thumb Code     0  entry5.o(.ARM.Collect$$$$00000004)
    __main_after_scatterload                 0x080000f5   Thumb Code     0  entry5.o(.ARM.Collect$$$$00000004)
    _main_clock                              0x080000f5   Thumb Code     0  entry7b.o(.ARM.Collect$$$$00000008)
    _main_cpp_init                           0x080000f5   Thumb Code     0  entry8b.o(.ARM.Collect$$$$0000000A)
    _main_init                               0x080000f5   Thumb Code     0  entry9a.o(.ARM.Collect$$$$0000000B)
    __rt_final_cpp                           0x080000fd   Thumb Code     0  entry10a.o(.ARM.Collect$$$$0000000D)
    __rt_final_exit                          0x080000fd   Thumb Code     0  entry11a.o(.ARM.Collect$$$$0000000F)
    Reset_Handler                            0x08000101   Thumb Code     8  startup_stm32f10x_md.o(.text)
    ADC1_2_IRQHandler                        0x0800011b   Thumb Code     0  startup_stm32f10x_md.o(.text)
    CAN1_RX1_IRQHandler                      0x0800011b   Thumb Code     0  startup_stm32f10x_md.o(.text)
    CAN1_SCE_IRQHandler                      0x0800011b   Thumb Code     0  startup_stm32f10x_md.o(.text)
    DMA1_Channel1_IRQHandler                 0x0800011b   Thumb Code     0  startup_stm32f10x_md.o(.text)
    DMA1_Channel2_IRQHandler                 0x0800011b   Thumb Code     0  startup_stm32f10x_md.o(.text)
    DMA1_Channel3_IRQHandler                 0x0800011b   Thumb Code     0  startup_stm32f10x_md.o(.text)
    DMA1_Channel4_IRQHandler                 0x0800011b   Thumb Code     0  startup_stm32f10x_md.o(.text)
    DMA1_Channel5_IRQHandler                 0x0800011b   Thumb Code     0  startup_stm32f10x_md.o(.text)
    DMA1_Channel6_IRQHandler                 0x0800011b   Thumb Code     0  startup_stm32f10x_md.o(.text)
    DMA1_Channel7_IRQHandler                 0x0800011b   Thumb Code     0  startup_stm32f10x_md.o(.text)
    EXTI0_IRQHandler                         0x0800011b   Thumb Code     0  startup_stm32f10x_md.o(.text)
    EXTI15_10_IRQHandler                     0x0800011b   Thumb Code     0  startup_stm32f10x_md.o(.text)
    EXTI1_IRQHandler                         0x0800011b   Thumb Code     0  startup_stm32f10x_md.o(.text)
    EXTI2_IRQHandler                         0x0800011b   Thumb Code     0  startup_stm32f10x_md.o(.text)
    EXTI3_IRQHandler                         0x0800011b   Thumb Code     0  startup_stm32f10x_md.o(.text)
    EXTI4_IRQHandler                         0x0800011b   Thumb Code     0  startup_stm32f10x_md.o(.text)
    EXTI9_5_IRQHandler                       0x0800011b   Thumb Code     0  startup_stm32f10x_md.o(.text)
    FLASH_IRQHandler                         0x0800011b   Thumb Code     0  startup_stm32f10x_md.o(.text)
    I2C1_ER_IRQHandler                       0x0800011b   Thumb Code     0  startup_stm32f10x_md.o(.text)
    I2C1_EV_IRQHandler                       0x0800011b   Thumb Code     0  startup_stm32f10x_md.o(.text)
    I2C2_ER_IRQHandler                       0x0800011b   Thumb Code     0  startup_stm32f10x_md.o(.text)
    I2C2_EV_IRQHandler                       0x0800011b   Thumb Code     0  startup_stm32f10x_md.o(.text)
    PVD_IRQHandler                           0x0800011b   Thumb Code     0  startup_stm32f10x_md.o(.text)
    RCC_IRQHandler                           0x0800011b   Thumb Code     0  startup_stm32f10x_md.o(.text)
    RTCAlarm_IRQHandler                      0x0800011b   Thumb Code     0  startup_stm32f10x_md.o(.text)
    SPI1_IRQHandler                          0x0800011b   Thumb Code     0  startup_stm32f10x_md.o(.text)
    SPI2_IRQHandler                          0x0800011b   Thumb Code     0  startup_stm32f10x_md.o(.text)
    TAMPER_IRQHandler                        0x0800011b   Thumb Code     0  startup_stm32f10x_md.o(.text)
    TIM1_BRK_IRQHandler                      0x0800011b   Thumb Code     0  startup_stm32f10x_md.o(.text)
    TIM1_CC_IRQHandler                       0x0800011b   Thumb Code     0  startup_stm32f10x_md.o(.text)
    TIM1_TRG_COM_IRQHandler                  0x0800011b   Thumb Code     0  startup_stm32f10x_md.o(.text)
    TIM1_UP_IRQHandler                       0x0800011b   Thumb Code     0  startup_stm32f10x_md.o(.text)
    TIM2_IRQHandler                          0x0800011b   Thumb Code     0  startup_stm32f10x_md.o(.text)
    TIM3_IRQHandler                          0x0800011b   Thumb Code     0  startup_stm32f10x_md.o(.text)
    TIM4_IRQHandler                          0x0800011b   Thumb Code     0  startup_stm32f10x_md.o(.text)
    USART1_IRQHandler                        0x0800011b   Thumb Code     0  startup_stm32f10x_md.o(.text)
    USART2_IRQHandler                        0x0800011b   Thumb Code     0  startup_stm32f10x_md.o(.text)
    USART3_IRQHandler                        0x0800011b   Thumb Code     0  startup_stm32f10x_md.o(.text)
    USBWakeUp_IRQHandler                     0x0800011b   Thumb Code     0  startup_stm32f10x_md.o(.text)
    USB_HP_CAN1_TX_IRQHandler                0x0800011b   Thumb Code     0  startup_stm32f10x_md.o(.text)
    USB_LP_CAN1_RX0_IRQHandler               0x0800011b   Thumb Code     0  startup_stm32f10x_md.o(.text)
    WWDG_IRQHandler                          0x0800011b   Thumb Code     0  startup_stm32f10x_md.o(.text)
    copyBuffer                               0x08000125   Thumb Code    28  main.o(.text)
    initBoard                                0x08000141   Thumb Code    76  main.o(.text)
    main                                     0x0800018d   Thumb Code   100  main.o(.text)
    SystemInit                               0x080001f1   Thumb Code     2  main.o(.text)
    USART_Configuration                      0x08000219   Thumb Code    94  serial.o(.text)
    USART_Recv                               0x08000277   Thumb Code    78  serial.o(.text)
    USART_Send                               0x080002c5   Thumb Code    56  serial.o(.text)
    InitUSARTPort                            0x080002fd   Thumb Code    24  serial.o(.text)
    getCheckCode                             0x0800032d   Thumb Code    40  ammeter_cmd.o(.text)
    generateCmd                              0x08000355   Thumb Code   226  ammeter_cmd.o(.text)
    RF_RecvCmd                               0x08000455   Thumb Code    68  rfcomm.o(.text)
    RF_SendData                              0x08000499   Thumb Code    46  rfcomm.o(.text)
    RCC_Configuration                        0x080004d9   Thumb Code   128  cpeschipdef.o(.text)
    GPIO_Configuration                       0x08000559   Thumb Code   150  cpeschipdef.o(.text)
    NVIC_Configuration                       0x080005ef   Thumb Code    14  cpeschipdef.o(.text)
    RTC_Configuration                        0x080005fd   Thumb Code   108  cpeschipdef.o(.text)
    getNodeInfo                              0x08000669   Thumb Code     2  cpeschipdef.o(.text)
    Delay                                    0x0800066b   Thumb Code    28  cpeschipdef.o(.text)
    DS_RecvData                              0x08000691   Thumb Code     8  dscomm.o(.text)
    DS_SendCmd                               0x08000699   Thumb Code     8  dscomm.o(.text)
    DS_copyBuffer                            0x080006a1   Thumb Code    26  dscomm.o(.text)
    DS_getAMTData                            0x080006bb   Thumb Code    86  dscomm.o(.text)
    DS_getAMTPara                            0x08000711   Thumb Code    72  dscomm.o(.text)
    DS_getTempData                           0x08000759   Thumb Code     2  dscomm.o(.text)
    DS_getThermoElecData                     0x0800075b   Thumb Code     2  dscomm.o(.text)
    DS_getSensorData                         0x0800075d   Thumb Code    30  dscomm.o(.text)
    NMI_Handler                              0x0800078d   Thumb Code     2  stm32f10x_it.o(.text)
    HardFault_Handler                        0x0800078f   Thumb Code     4  stm32f10x_it.o(.text)
    MemManage_Handler                        0x08000793   Thumb Code     4  stm32f10x_it.o(.text)
    BusFault_Handler                         0x08000797   Thumb Code     4  stm32f10x_it.o(.text)
    UsageFault_Handler                       0x0800079b   Thumb Code     4  stm32f10x_it.o(.text)
    SVC_Handler                              0x0800079f   Thumb Code     2  stm32f10x_it.o(.text)
    DebugMon_Handler                         0x080007a1   Thumb Code     2  stm32f10x_it.o(.text)
    PendSV_Handler                           0x080007a3   Thumb Code     2  stm32f10x_it.o(.text)
    SysTick_Handler                          0x080007a5   Thumb Code     2  stm32f10x_it.o(.text)
    RTC_IRQHandler                           0x080007a7   Thumb Code    46  stm32f10x_it.o(.text)
    GPIO_DeInit                              0x080007d9   Thumb Code   172  stm32f10x_gpio.o(.text)
    GPIO_AFIODeInit                          0x08000885   Thumb Code    20  stm32f10x_gpio.o(.text)
    GPIO_Init                                0x08000899   Thumb Code   274  stm32f10x_gpio.o(.text)
    GPIO_StructInit                          0x080009ab   Thumb Code    16  stm32f10x_gpio.o(.text)
    GPIO_ReadInputDataBit                    0x080009bb   Thumb Code    18  stm32f10x_gpio.o(.text)
    GPIO_ReadInputData                       0x080009cd   Thumb Code     8  stm32f10x_gpio.o(.text)
    GPIO_ReadOutputDataBit                   0x080009d5   Thumb Code    18  stm32f10x_gpio.o(.text)
    GPIO_ReadOutputData                      0x080009e7   Thumb Code     8  stm32f10x_gpio.o(.text)
    GPIO_SetBits                             0x080009ef   Thumb Code     4  stm32f10x_gpio.o(.text)
    GPIO_ResetBits                           0x080009f3   Thumb Code     4  stm32f10x_gpio.o(.text)
    GPIO_WriteBit                            0x080009f7   Thumb Code    10  stm32f10x_gpio.o(.text)
    GPIO_Write                               0x08000a01   Thumb Code     4  stm32f10x_gpio.o(.text)
    GPIO_PinLockConfig                       0x08000a05   Thumb Code    18  stm32f10x_gpio.o(.text)
    GPIO_EventOutputConfig                   0x08000a17   Thumb Code    26  stm32f10x_gpio.o(.text)
    GPIO_EventOutputCmd                      0x08000a31   Thumb Code     6  stm32f10x_gpio.o(.text)
    GPIO_PinRemapConfig                      0x08000a37   Thumb Code   138  stm32f10x_gpio.o(.text)
    GPIO_EXTILineConfig                      0x08000ac1   Thumb Code    66  stm32f10x_gpio.o(.text)
    GPIO_ETH_MediaInterfaceConfig            0x08000b03   Thumb Code     6  stm32f10x_gpio.o(.text)
    RCC_DeInit                               0x08000b31   Thumb Code    64  stm32f10x_rcc.o(.text)
    RCC_HSEConfig                            0x08000b71   Thumb Code    70  stm32f10x_rcc.o(.text)
    RCC_GetFlagStatus                        0x08000bb7   Thumb Code    56  stm32f10x_rcc.o(.text)
    RCC_WaitForHSEStartUp                    0x08000bef   Thumb Code    56  stm32f10x_rcc.o(.text)
    RCC_AdjustHSICalibrationValue            0x08000c27   Thumb Code    20  stm32f10x_rcc.o(.text)
    RCC_HSICmd                               0x08000c3b   Thumb Code     6  stm32f10x_rcc.o(.text)
    RCC_PLLConfig                            0x08000c41   Thumb Code    24  stm32f10x_rcc.o(.text)
    RCC_PLLCmd                               0x08000c59   Thumb Code     6  stm32f10x_rcc.o(.text)
    RCC_SYSCLKConfig                         0x08000c5f   Thumb Code    18  stm32f10x_rcc.o(.text)
    RCC_GetSYSCLKSource                      0x08000c71   Thumb Code    10  stm32f10x_rcc.o(.text)
    RCC_HCLKConfig                           0x08000c7b   Thumb Code    18  stm32f10x_rcc.o(.text)
    RCC_PCLK1Config                          0x08000c8d   Thumb Code    18  stm32f10x_rcc.o(.text)
    RCC_PCLK2Config                          0x08000c9f   Thumb Code    20  stm32f10x_rcc.o(.text)
    RCC_ITConfig                             0x08000cb3   Thumb Code    26  stm32f10x_rcc.o(.text)
    RCC_USBCLKConfig                         0x08000ccd   Thumb Code     6  stm32f10x_rcc.o(.text)
    RCC_ADCCLKConfig                         0x08000cd3   Thumb Code    18  stm32f10x_rcc.o(.text)
    RCC_LSEConfig                            0x08000ce5   Thumb Code    44  stm32f10x_rcc.o(.text)
    RCC_LSICmd                               0x08000d11   Thumb Code     6  stm32f10x_rcc.o(.text)
    RCC_RTCCLKConfig                         0x08000d17   Thumb Code    12  stm32f10x_rcc.o(.text)
    RCC_RTCCLKCmd                            0x08000d23   Thumb Code     8  stm32f10x_rcc.o(.text)
    RCC_GetClocksFreq                        0x08000d2b   Thumb Code   192  stm32f10x_rcc.o(.text)
    RCC_AHBPeriphClockCmd                    0x08000deb   Thumb Code    26  stm32f10x_rcc.o(.text)
    RCC_APB2PeriphClockCmd                   0x08000e05   Thumb Code    26  stm32f10x_rcc.o(.text)
    RCC_APB1PeriphClockCmd                   0x08000e1f   Thumb Code    26  stm32f10x_rcc.o(.text)
    RCC_APB2PeriphResetCmd                   0x08000e39   Thumb Code    26  stm32f10x_rcc.o(.text)
    RCC_APB1PeriphResetCmd                   0x08000e53   Thumb Code    26  stm32f10x_rcc.o(.text)
    RCC_BackupResetCmd                       0x08000e6d   Thumb Code     8  stm32f10x_rcc.o(.text)
    RCC_ClockSecuritySystemCmd               0x08000e75   Thumb Code     6  stm32f10x_rcc.o(.text)
    RCC_MCOConfig                            0x08000e7b   Thumb Code     6  stm32f10x_rcc.o(.text)
    RCC_ClearFlag                            0x08000e81   Thumb Code    14  stm32f10x_rcc.o(.text)
    RCC_GetITStatus                          0x08000e8f   Thumb Code    20  stm32f10x_rcc.o(.text)
    RCC_ClearITPendingBit                    0x08000ea3   Thumb Code     6  stm32f10x_rcc.o(.text)
    USART_DeInit                             0x08000ed5   Thumb Code   134  stm32f10x_usart.o(.text)
    USART_Init                               0x08000f5b   Thumb Code   210  stm32f10x_usart.o(.text)
    USART_StructInit                         0x0800102d   Thumb Code    24  stm32f10x_usart.o(.text)
    USART_ClockInit                          0x08001045   Thumb Code    34  stm32f10x_usart.o(.text)
    USART_ClockStructInit                    0x08001067   Thumb Code    12  stm32f10x_usart.o(.text)
    USART_Cmd                                0x08001073   Thumb Code    24  stm32f10x_usart.o(.text)
    USART_ITConfig                           0x0800108b   Thumb Code    74  stm32f10x_usart.o(.text)
    USART_DMACmd                             0x080010d5   Thumb Code    18  stm32f10x_usart.o(.text)
    USART_SetAddress                         0x080010e7   Thumb Code    18  stm32f10x_usart.o(.text)
    USART_WakeUpConfig                       0x080010f9   Thumb Code    18  stm32f10x_usart.o(.text)
    USART_ReceiverWakeUpCmd                  0x0800110b   Thumb Code    24  stm32f10x_usart.o(.text)
    USART_LINBreakDetectLengthConfig         0x08001123   Thumb Code    18  stm32f10x_usart.o(.text)
    USART_LINCmd                             0x08001135   Thumb Code    24  stm32f10x_usart.o(.text)
    USART_SendData                           0x0800114d   Thumb Code     8  stm32f10x_usart.o(.text)
    USART_ReceiveData                        0x08001155   Thumb Code    10  stm32f10x_usart.o(.text)
    USART_SendBreak                          0x0800115f   Thumb Code    10  stm32f10x_usart.o(.text)
    USART_SetGuardTime                       0x08001169   Thumb Code    16  stm32f10x_usart.o(.text)
    USART_SetPrescaler                       0x08001179   Thumb Code    16  stm32f10x_usart.o(.text)
    USART_SmartCardCmd                       0x08001189   Thumb Code    24  stm32f10x_usart.o(.text)
    USART_SmartCardNACKCmd                   0x080011a1   Thumb Code    24  stm32f10x_usart.o(.text)
    USART_HalfDuplexCmd                      0x080011b9   Thumb Code    24  stm32f10x_usart.o(.text)
    USART_OverSampling8Cmd                   0x080011d1   Thumb Code    22  stm32f10x_usart.o(.text)
    USART_OneBitMethodCmd                    0x080011e7   Thumb Code    24  stm32f10x_usart.o(.text)
    USART_IrDAConfig                         0x080011ff   Thumb Code    18  stm32f10x_usart.o(.text)
    USART_IrDACmd                            0x08001211   Thumb Code    24  stm32f10x_usart.o(.text)
    USART_GetFlagStatus                      0x08001229   Thumb Code    26  stm32f10x_usart.o(.text)
    USART_ClearFlag                          0x08001243   Thumb Code    18  stm32f10x_usart.o(.text)
    USART_GetITStatus                        0x08001255   Thumb Code    84  stm32f10x_usart.o(.text)
    USART_ClearITPendingBit                  0x080012a9   Thumb Code    52  stm32f10x_usart.o(.text)
    FLASH_SetLatency                         0x080012dd   Thumb Code    18  stm32f10x_flash.o(.text)
    FLASH_HalfCycleAccessCmd                 0x080012ef   Thumb Code    22  stm32f10x_flash.o(.text)
    FLASH_PrefetchBufferCmd                  0x08001305   Thumb Code    22  stm32f10x_flash.o(.text)
    FLASH_Unlock                             0x0800131b   Thumb Code    12  stm32f10x_flash.o(.text)
    FLASH_UnlockBank1                        0x08001327   Thumb Code    12  stm32f10x_flash.o(.text)
    FLASH_Lock                               0x08001333   Thumb Code    14  stm32f10x_flash.o(.text)
    FLASH_LockBank1                          0x08001341   Thumb Code    14  stm32f10x_flash.o(.text)
    FLASH_GetBank1Status                     0x0800134f   Thumb Code    48  stm32f10x_flash.o(.text)
    FLASH_WaitForLastOperation               0x0800137f   Thumb Code    38  stm32f10x_flash.o(.text)
    FLASH_ErasePage                          0x080013a5   Thumb Code    72  stm32f10x_flash.o(.text)
    FLASH_EraseAllPages                      0x080013ed   Thumb Code    68  stm32f10x_flash.o(.text)
    FLASH_WaitForLastBank1Operation          0x08001431   Thumb Code    38  stm32f10x_flash.o(.text)
    FLASH_EraseAllBank1Pages                 0x08001457   Thumb Code    68  stm32f10x_flash.o(.text)
    FLASH_GetReadOutProtectionStatus         0x0800149b   Thumb Code    20  stm32f10x_flash.o(.text)
    FLASH_EraseOptionBytes                   0x080014af   Thumb Code   150  stm32f10x_flash.o(.text)
    FLASH_ProgramWord                        0x08001545   Thumb Code   102  stm32f10x_flash.o(.text)
    FLASH_ProgramHalfWord                    0x080015ab   Thumb Code    60  stm32f10x_flash.o(.text)
    FLASH_ProgramOptionByteData              0x080015e7   Thumb Code    72  stm32f10x_flash.o(.text)
    FLASH_EnableWriteProtection              0x0800162f   Thumb Code   200  stm32f10x_flash.o(.text)
    FLASH_ReadOutProtection                  0x080016f7   Thumb Code   156  stm32f10x_flash.o(.text)
    FLASH_UserOptionByteConfig               0x08001793   Thumb Code    88  stm32f10x_flash.o(.text)
    FLASH_GetUserOptionByte                  0x080017eb   Thumb Code     8  stm32f10x_flash.o(.text)
    FLASH_GetWriteProtectionOptionByte       0x080017f3   Thumb Code     6  stm32f10x_flash.o(.text)
    FLASH_GetPrefetchBufferStatus            0x080017f9   Thumb Code    20  stm32f10x_flash.o(.text)
    FLASH_ITConfig                           0x0800180d   Thumb Code    26  stm32f10x_flash.o(.text)
    FLASH_GetFlagStatus                      0x08001827   Thumb Code    42  stm32f10x_flash.o(.text)
    FLASH_ClearFlag                          0x08001851   Thumb Code     6  stm32f10x_flash.o(.text)
    FLASH_GetStatus                          0x08001857   Thumb Code    48  stm32f10x_flash.o(.text)
    NVIC_PriorityGroupConfig                 0x08001899   Thumb Code    10  misc.o(.text)
    NVIC_Init                                0x080018a3   Thumb Code   102  misc.o(.text)
    NVIC_SetVectorTable                      0x08001909   Thumb Code    14  misc.o(.text)
    NVIC_SystemLPConfig                      0x08001917   Thumb Code    34  misc.o(.text)
    SysTick_CLKSourceConfig                  0x08001939   Thumb Code    40  misc.o(.text)
    RTC_ITConfig                             0x08001975   Thumb Code    26  stm32f10x_rtc.o(.text)
    RTC_EnterConfigMode                      0x0800198f   Thumb Code    18  stm32f10x_rtc.o(.text)
    RTC_ExitConfigMode                       0x080019a1   Thumb Code    20  stm32f10x_rtc.o(.text)
    RTC_GetCounter                           0x080019b5   Thumb Code    18  stm32f10x_rtc.o(.text)
    RTC_SetCounter                           0x080019c7   Thumb Code    26  stm32f10x_rtc.o(.text)
    RTC_SetPrescaler                         0x080019e1   Thumb Code    28  stm32f10x_rtc.o(.text)
    RTC_SetAlarm                             0x080019fd   Thumb Code    26  stm32f10x_rtc.o(.text)
    RTC_GetDivider                           0x08001a17   Thumb Code    22  stm32f10x_rtc.o(.text)
    RTC_WaitForLastTask                      0x08001a2d   Thumb Code    16  stm32f10x_rtc.o(.text)
    RTC_WaitForSynchro                       0x08001a3d   Thumb Code    34  stm32f10x_rtc.o(.text)
    RTC_GetFlagStatus                        0x08001a5f   Thumb Code    22  stm32f10x_rtc.o(.text)
    RTC_ClearFlag                            0x08001a75   Thumb Code    16  stm32f10x_rtc.o(.text)
    RTC_GetITStatus                          0x08001a85   Thumb Code    32  stm32f10x_rtc.o(.text)
    RTC_ClearITPendingBit                    0x08001aa5   Thumb Code    16  stm32f10x_rtc.o(.text)
    PWR_DeInit                               0x08001ab9   Thumb Code    22  stm32f10x_pwr.o(.text)
    PWR_BackupAccessCmd                      0x08001acf   Thumb Code     6  stm32f10x_pwr.o(.text)
    PWR_PVDCmd                               0x08001ad5   Thumb Code     6  stm32f10x_pwr.o(.text)
    PWR_PVDLevelConfig                       0x08001adb   Thumb Code    18  stm32f10x_pwr.o(.text)
    PWR_WakeUpPinCmd                         0x08001aed   Thumb Code     6  stm32f10x_pwr.o(.text)
    PWR_EnterSTOPMode                        0x08001af3   Thumb Code    54  stm32f10x_pwr.o(.text)
    PWR_EnterSTANDBYMode                     0x08001b29   Thumb Code    42  stm32f10x_pwr.o(.text)
    PWR_GetFlagStatus                        0x08001b53   Thumb Code    20  stm32f10x_pwr.o(.text)
    PWR_ClearFlag                            0x08001b67   Thumb Code    14  stm32f10x_pwr.o(.text)
    BKP_DeInit                               0x08001b85   Thumb Code    16  stm32f10x_bkp.o(.text)
    BKP_TamperPinLevelConfig                 0x08001b95   Thumb Code     6  stm32f10x_bkp.o(.text)
    BKP_TamperPinCmd                         0x08001b9b   Thumb Code     8  stm32f10x_bkp.o(.text)
    BKP_ITConfig                             0x08001ba3   Thumb Code     8  stm32f10x_bkp.o(.text)
    BKP_RTCOutputConfig                      0x08001bab   Thumb Code    22  stm32f10x_bkp.o(.text)
    BKP_SetRTCCalibrationValue               0x08001bc1   Thumb Code    22  stm32f10x_bkp.o(.text)
    BKP_WriteBackupRegister                  0x08001bd7   Thumb Code    24  stm32f10x_bkp.o(.text)
    BKP_ReadBackupRegister                   0x08001bef   Thumb Code    26  stm32f10x_bkp.o(.text)
    BKP_GetFlagStatus                        0x08001c09   Thumb Code    10  stm32f10x_bkp.o(.text)
    BKP_ClearFlag                            0x08001c13   Thumb Code    18  stm32f10x_bkp.o(.text)
    BKP_GetITStatus                          0x08001c25   Thumb Code    10  stm32f10x_bkp.o(.text)
    BKP_ClearITPendingBit                    0x08001c2f   Thumb Code    18  stm32f10x_bkp.o(.text)
    __aeabi_memcpy                           0x08001c49   Thumb Code    36  memcpya.o(.text)
    __aeabi_memcpy4                          0x08001c49   Thumb Code     0  memcpya.o(.text)
    __aeabi_memcpy8                          0x08001c49   Thumb Code     0  memcpya.o(.text)
    __scatterload                            0x08001c6d   Thumb Code    28  init.o(.text)
    __scatterload_rt2                        0x08001c6d   Thumb Code     0  init.o(.text)
    __scatterload_copy                       0x08001c91   Thumb Code    14  handlers.o(i.__scatterload_copy)
    __scatterload_null                       0x08001c9f   Thumb Code     2  handlers.o(i.__scatterload_null)
    __scatterload_zeroinit                   0x08001ca1   Thumb Code    14  handlers.o(i.__scatterload_zeroinit)
    Region$$Table$$Base                      0x08001cb0   Number         0  anon$$obj.o(Region$$Table)
    Region$$Table$$Limit                     0x08001cd0   Number         0  anon$$obj.o(Region$$Table)
    idx                                      0x20000000   Data           1  main.o(.data)
    cmdType                                  0x20000001   Data           1  main.o(.data)
    SerialDataLength                         0x20000002   Data           1  serial.o(.data)
    RxFlag                                   0x20000003   Data           1  serial.o(.data)
    commandForAmt1Current                    0x20000004   Data          16  ammeter_cmd.o(.data)
    commandLength                            0x20000014   Data           1  ammeter_cmd.o(.data)
    RFBufferSize                             0x20000015   Data           1  rfcomm.o(.data)
    RFDataLength                             0x20000016   Data           1  rfcomm.o(.data)
    HSEStartUpStatus                         0x20000017   Data           1  cpeschipdef.o(.data)
    SerialBuffer                             0x2000002c   Data          50  serial.o(.bss)
    amtCmd                                   0x2000005e   Data          16  ammeter_cmd.o(.bss)
    RFBuffer                                 0x2000006e   Data          50  rfcomm.o(.bss)
    __initial_sp                             0x200004a0   Data           0  startup_stm32f10x_md.o(STACK)



==============================================================================

Memory Map of the image

  Image Entry point : 0x08000101

  Load Region LR_1 (Base: 0x08000000, Size: 0x00001cfc, Max: 0xffffffff, ABSOLUTE)

    Execution Region ER_RO (Base: 0x08000000, Size: 0x00001cd0, Max: 0xffffffff, ABSOLUTE)

    Base Addr    Size         Type   Attr      Idx    E Section Name        Object

    0x08000000   0x000000ec   Data   RO            3    RESET               startup_stm32f10x_md.o
    0x080000ec   0x00000000   Code   RO          460  * .ARM.Collect$$$$00000000  mc_w.l(entry.o)
    0x080000ec   0x00000004   Code   RO          467    .ARM.Collect$$$$00000001  mc_w.l(entry2.o)
    0x080000f0   0x00000004   Code   RO          470    .ARM.Collect$$$$00000004  mc_w.l(entry5.o)
    0x080000f4   0x00000000   Code   RO          472    .ARM.Collect$$$$00000008  mc_w.l(entry7b.o)
    0x080000f4   0x00000000   Code   RO          474    .ARM.Collect$$$$0000000A  mc_w.l(entry8b.o)
    0x080000f4   0x00000008   Code   RO          475    .ARM.Collect$$$$0000000B  mc_w.l(entry9a.o)
    0x080000fc   0x00000000   Code   RO          477    .ARM.Collect$$$$0000000D  mc_w.l(entry10a.o)
    0x080000fc   0x00000000   Code   RO          479    .ARM.Collect$$$$0000000F  mc_w.l(entry11a.o)
    0x080000fc   0x00000004   Code   RO          468    .ARM.Collect$$$$00002712  mc_w.l(entry2.o)
    0x08000100   0x00000024   Code   RO            4  * .text               startup_stm32f10x_md.o
    0x08000124   0x000000f4   Code   RO           15    .text               main.o
    0x08000218   0x00000114   Code   RO          115    .text               serial.o
    0x0800032c   0x00000128   Code   RO          139    .text               ammeter_cmd.o
    0x08000454   0x00000084   Code   RO          163    .text               rfcomm.o
    0x080004d8   0x000001b8   Code   RO          187    .text               cpeschipdef.o
    0x08000690   0x000000fc   Code   RO          210    .text               dscomm.o
    0x0800078c   0x0000004c   Code   RO          231    .text               stm32f10x_it.o
    0x080007d8   0x00000358   Code   RO          255    .text               stm32f10x_gpio.o
    0x08000b30   0x000003a4   Code   RO          305    .text               stm32f10x_rcc.o
    0x08000ed4   0x00000408   Code   RO          333    .text               stm32f10x_usart.o
    0x080012dc   0x000005bc   Code   RO          356    .text               stm32f10x_flash.o
    0x08001898   0x000000dc   Code   RO          379    .text               misc.o
    0x08001974   0x00000144   Code   RO          402    .text               stm32f10x_rtc.o
    0x08001ab8   0x000000cc   Code   RO          422    .text               stm32f10x_pwr.o
    0x08001b84   0x000000c4   Code   RO          442    .text               stm32f10x_bkp.o
    0x08001c48   0x00000024   Code   RO          463    .text               mc_w.l(memcpya.o)
    0x08001c6c   0x00000024   Code   RO          481    .text               mc_w.l(init.o)
    0x08001c90   0x0000000e   Code   RO          485    i.__scatterload_copy  mc_w.l(handlers.o)
    0x08001c9e   0x00000002   Code   RO          486    i.__scatterload_null  mc_w.l(handlers.o)
    0x08001ca0   0x0000000e   Code   RO          487    i.__scatterload_zeroinit  mc_w.l(handlers.o)
    0x08001cae   0x00000002   PAD
    0x08001cb0   0x00000020   Data   RO          483    Region$$Table       anon$$obj.o


    Execution Region ER_RW (Base: 0x20000000, Size: 0x0000002c, Max: 0xffffffff, ABSOLUTE)

    Base Addr    Size         Type   Attr      Idx    E Section Name        Object

    0x20000000   0x00000002   Data   RW           16    .data               main.o
    0x20000002   0x00000002   Data   RW          117    .data               serial.o
    0x20000004   0x00000011   Data   RW          141    .data               ammeter_cmd.o
    0x20000015   0x00000002   Data   RW          165    .data               rfcomm.o
    0x20000017   0x00000001   Data   RW          188    .data               cpeschipdef.o
    0x20000018   0x00000014   Data   RW          306    .data               stm32f10x_rcc.o


    Execution Region ER_ZI (Base: 0x2000002c, Size: 0x00000474, Max: 0xffffffff, ABSOLUTE)

    Base Addr    Size         Type   Attr      Idx    E Section Name        Object

    0x2000002c   0x00000032   Zero   RW          116    .bss                serial.o
    0x2000005e   0x00000010   Zero   RW          140    .bss                ammeter_cmd.o
    0x2000006e   0x00000032   Zero   RW          164    .bss                rfcomm.o
    0x200000a0   0x00000400   Zero   RW            1    STACK               startup_stm32f10x_md.o


==============================================================================

Image component sizes


      Code (inc. data)   RO Data    RW Data    ZI Data      Debug   Object Name

       296         44          0         17         16       1740   ammeter_cmd.o
       440         10          0          1          0       1705   cpeschipdef.o
       252         18          0          0          0       2136   dscomm.o
       244         38          0          2          0     226419   main.o
       220         20          0          0          0       3681   misc.o
       132         18          0          2         50       1266   rfcomm.o
       276         24          0          2         50       1821   serial.o
        36          8        236          0       1024        792   startup_stm32f10x_md.o
       196          8          0          0          0       3568   stm32f10x_bkp.o
      1468         34          0          0          0      14582   stm32f10x_flash.o
       856         40          0          0          0      22997   stm32f10x_gpio.o
        76          4          0          0          0       1425   stm32f10x_it.o
       204         16          0          0          0       1959   stm32f10x_pwr.o
       932         44          0         20          0      17792   stm32f10x_rcc.o
       324          4          0          0          0       2714   stm32f10x_rtc.o
      1032         22          0          0          0      14624   stm32f10x_usart.o

    ----------------------------------------------------------------------
      6984        352        268         44       1140     319221   Object Totals
         0          0         32          0          0          0   (incl. Generated)
         0          0          0          0          0          0   (incl. Padding)

    ----------------------------------------------------------------------

      Code (inc. data)   RO Data    RW Data    ZI Data      Debug   Library Member Name

         0          0          0          0          0          0   entry.o
         0          0          0          0          0          0   entry10a.o
         0          0          0          0          0          0   entry11a.o
         8          4          0          0          0          0   entry2.o
         4          0          0          0          0          0   entry5.o
         0          0          0          0          0          0   entry7b.o
         0          0          0          0          0          0   entry8b.o
         8          4          0          0          0          0   entry9a.o
        30          0          0          0          0          0   handlers.o
        36          8          0          0          0         68   init.o
        36          0          0          0          0         68   memcpya.o

    ----------------------------------------------------------------------
       124         16          0          0          0        136   Library Totals
         2          0          0          0          0          0   (incl. Padding)

    ----------------------------------------------------------------------

      Code (inc. data)   RO Data    RW Data    ZI Data      Debug   Library Name

       122         16          0          0          0        136   mc_w.l

    ----------------------------------------------------------------------
       124         16          0          0          0        136   Library Totals

    ----------------------------------------------------------------------

==============================================================================


      Code (inc. data)   RO Data    RW Data    ZI Data      Debug   

      7108        368        268         44       1140     317537   Grand Totals
      7108        368        268         44       1140     317537   ELF Image Totals
      7108        368        268         44          0          0   ROM Totals

==============================================================================

    Total RO  Size (Code + RO Data)                 7376 (   7.20kB)
    Total RW  Size (RW Data + ZI Data)              1184 (   1.16kB)
    Total ROM Size (Code + RO Data + RW Data)       7420 (   7.25kB)

==============================================================================

