ARM Linker, 5.03 [Build 76] [MDK-ARM Standard]

==============================================================================

Section Cross References

    startup_stm32f10x_md.o(RESET) refers to startup_stm32f10x_md.o(STACK) for __initial_sp
    startup_stm32f10x_md.o(RESET) refers to startup_stm32f10x_md.o(.text) for Reset_Handler
    startup_stm32f10x_md.o(.text) refers to main.o(.text) for SystemInit
    startup_stm32f10x_md.o(.text) refers to entry.o(.ARM.Collect$$$$00000000) for __main
    main.o(.text) refers to cpeschipdef.o(.text) for RCC_Configuration
    main.o(.text) refers to serial.o(.text) for USART_Configuration
    main.o(.text) refers to stm32f10x_gpio.o(.text) for GPIO_SetBits
    main.o(.text) refers to dscomm.o(.text) for DS_getAMTData
    main.o(.text) refers to rfcomm.o(.text) for RF_SendData
    main.o(.text) refers to rfcomm.o(.data) for RFDataLength
    main.o(.text) refers to rfcomm.o(.bss) for RFBuffer
    main.o(.text) refers to serial.o(.data) for SerialDataLength
    main.o(.text) refers to serial.o(.bss) for SerialBuffer
    serial.o(.text) refers to stm32f10x_usart.o(.text) for USART_Init
    serial.o(.text) refers to stm32f10x_gpio.o(.text) for GPIO_ResetBits
    serial.o(.text) refers to cpeschipdef.o(.text) for RCC_Configuration
    serial.o(.text) refers to serial.o(.bss) for USART_InitStructure
    serial.o(.text) refers to serial.o(.data) for SerialBufferSize
    ammeter_cmd.o(.text) refers to serial.o(.text) for USART_Recv
    ammeter_cmd.o(.text) refers to memcpya.o(.text) for __aeabi_memcpy
    ammeter_cmd.o(.text) refers to cpeschipdef.o(.text) for Delay
    ammeter_cmd.o(.text) refers to ammeter_cmd.o(.data) for commandLength
    ammeter_cmd.o(.text) refers to ammeter_cmd.o(.bss) for amtCmd
    ammeter_cmd.o(.text) refers to serial.o(.bss) for SerialBuffer
    ammeter_cmd.o(.text) refers to serial.o(.data) for SerialDataLength
    rfcomm.o(.text) refers to stm32f10x_usart.o(.text) for USART_ReceiveData
    rfcomm.o(.text) refers to rfcomm.o(.bss) for RFBuffer
    rfcomm.o(.text) refers to rfcomm.o(.data) for RFBufferSize
    cpeschipdef.o(.text) refers to stm32f10x_rcc.o(.text) for RCC_DeInit
    cpeschipdef.o(.text) refers to stm32f10x_flash.o(.text) for FLASH_SetLatency
    cpeschipdef.o(.text) refers to stm32f10x_gpio.o(.text) for GPIO_PinRemapConfig
    cpeschipdef.o(.text) refers to misc.o(.text) for NVIC_SetVectorTable
    cpeschipdef.o(.text) refers to cpeschipdef.o(.data) for HSEStartUpStatus
    dscomm.o(.text) refers to serial.o(.text) for USART_Recv
    dscomm.o(.text) refers to ammeter_cmd.o(.text) for generateCmd
    dscomm.o(.text) refers to cpeschipdef.o(.text) for Delay
    dscomm.o(.text) refers to serial.o(.bss) for SerialBuffer
    dscomm.o(.text) refers to serial.o(.data) for SerialDataLength
    stm32f10x_gpio.o(.text) refers to stm32f10x_rcc.o(.text) for RCC_APB2PeriphResetCmd
    stm32f10x_rcc.o(.text) refers to stm32f10x_rcc.o(.data) for APBAHBPrescTable
    stm32f10x_usart.o(.text) refers to stm32f10x_rcc.o(.text) for RCC_APB2PeriphResetCmd
    entry.o(.ARM.Collect$$$$00000000) refers (Special) to entry10a.o(.ARM.Collect$$$$0000000D) for __rt_final_cpp
    entry.o(.ARM.Collect$$$$00000000) refers (Special) to entry11a.o(.ARM.Collect$$$$0000000F) for __rt_final_exit
    entry.o(.ARM.Collect$$$$00000000) refers (Special) to entry7b.o(.ARM.Collect$$$$00000008) for _main_clock
    entry.o(.ARM.Collect$$$$00000000) refers (Special) to entry8b.o(.ARM.Collect$$$$0000000A) for _main_cpp_init
    entry.o(.ARM.Collect$$$$00000000) refers (Special) to entry9a.o(.ARM.Collect$$$$0000000B) for _main_init
    entry.o(.ARM.Collect$$$$00000000) refers (Special) to entry5.o(.ARM.Collect$$$$00000004) for _main_scatterload
    entry.o(.ARM.Collect$$$$00000000) refers (Special) to entry2.o(.ARM.Collect$$$$00000001) for _main_stk
    entry2.o(.ARM.Collect$$$$00000001) refers to entry2.o(.ARM.Collect$$$$00002712) for __lit__00000000
    entry2.o(.ARM.Collect$$$$00002712) refers to startup_stm32f10x_md.o(STACK) for __initial_sp
    entry2.o(__vectab_stack_and_reset_area) refers to startup_stm32f10x_md.o(STACK) for __initial_sp
    entry2.o(__vectab_stack_and_reset_area) refers to entry.o(.ARM.Collect$$$$00000000) for __main
    entry5.o(.ARM.Collect$$$$00000004) refers to init.o(.text) for __scatterload
    entry9a.o(.ARM.Collect$$$$0000000B) refers to main.o(.text) for main
    entry9b.o(.ARM.Collect$$$$0000000C) refers to main.o(.text) for main
    init.o(.text) refers to entry5.o(.ARM.Collect$$$$00000004) for __main_after_scatterload


==============================================================================

Removing Unused input sections from the image.

    Removing startup_stm32f10x_md.o(HEAP), (512 bytes).
    Removing cortexm3_macro.o(.text), (74 bytes).
    Removing main.o(.rev16_text), (4 bytes).
    Removing main.o(.revsh_text), (4 bytes).
    Removing serial.o(.rev16_text), (4 bytes).
    Removing serial.o(.revsh_text), (4 bytes).
    Removing ammeter_cmd.o(.rev16_text), (4 bytes).
    Removing ammeter_cmd.o(.revsh_text), (4 bytes).
    Removing rfcomm.o(.rev16_text), (4 bytes).
    Removing rfcomm.o(.revsh_text), (4 bytes).
    Removing cpeschipdef.o(.rev16_text), (4 bytes).
    Removing cpeschipdef.o(.revsh_text), (4 bytes).
    Removing dscomm.o(.rev16_text), (4 bytes).
    Removing dscomm.o(.revsh_text), (4 bytes).
    Removing stm32f10x_gpio.o(.rev16_text), (4 bytes).
    Removing stm32f10x_gpio.o(.revsh_text), (4 bytes).
    Removing stm32f10x_rcc.o(.rev16_text), (4 bytes).
    Removing stm32f10x_rcc.o(.revsh_text), (4 bytes).
    Removing stm32f10x_usart.o(.rev16_text), (4 bytes).
    Removing stm32f10x_usart.o(.revsh_text), (4 bytes).
    Removing stm32f10x_flash.o(.rev16_text), (4 bytes).
    Removing stm32f10x_flash.o(.revsh_text), (4 bytes).
    Removing misc.o(.rev16_text), (4 bytes).
    Removing misc.o(.revsh_text), (4 bytes).

24 unused section(s) (total 674 bytes) removed from the image.

==============================================================================

Image Symbol Table

    Local Symbols

    Symbol Name                              Value     Ov Type        Size  Object(Section)

    ../clib/microlib/init/entry.s            0x00000000   Number         0  entry7b.o ABSOLUTE
    ../clib/microlib/init/entry.s            0x00000000   Number         0  entry11a.o ABSOLUTE
    ../clib/microlib/init/entry.s            0x00000000   Number         0  entry10b.o ABSOLUTE
    ../clib/microlib/init/entry.s            0x00000000   Number         0  entry8b.o ABSOLUTE
    ../clib/microlib/init/entry.s            0x00000000   Number         0  entry10a.o ABSOLUTE
    ../clib/microlib/init/entry.s            0x00000000   Number         0  entry9a.o ABSOLUTE
    ../clib/microlib/init/entry.s            0x00000000   Number         0  entry8a.o ABSOLUTE
    ../clib/microlib/init/entry.s            0x00000000   Number         0  entry9b.o ABSOLUTE
    ../clib/microlib/init/entry.s            0x00000000   Number         0  entry7a.o ABSOLUTE
    ../clib/microlib/init/entry.s            0x00000000   Number         0  entry5.o ABSOLUTE
    ../clib/microlib/init/entry.s            0x00000000   Number         0  entry.o ABSOLUTE
    ../clib/microlib/init/entry.s            0x00000000   Number         0  entry2.o ABSOLUTE
    ../clib/microlib/init/entry.s            0x00000000   Number         0  entry11b.o ABSOLUTE
    ../clib/microlib/string/memcpy.c         0x00000000   Number         0  memcpyb.o ABSOLUTE
    ../clib/microlib/string/memcpy.c         0x00000000   Number         0  memcpya.o ABSOLUTE
    ARMLib\STM32F10x_StdPeriph_Driver\src\misc.c 0x00000000   Number         0  misc.o ABSOLUTE
    ARMLib\STM32F10x_StdPeriph_Driver\src\stm32f10x_flash.c 0x00000000   Number         0  stm32f10x_flash.o ABSOLUTE
    ARMLib\STM32F10x_StdPeriph_Driver\src\stm32f10x_gpio.c 0x00000000   Number         0  stm32f10x_gpio.o ABSOLUTE
    ARMLib\STM32F10x_StdPeriph_Driver\src\stm32f10x_rcc.c 0x00000000   Number         0  stm32f10x_rcc.o ABSOLUTE
    ARMLib\STM32F10x_StdPeriph_Driver\src\stm32f10x_usart.c 0x00000000   Number         0  stm32f10x_usart.o ABSOLUTE
    ARMLib\\STM32F10x_StdPeriph_Driver\\src\\misc.c 0x00000000   Number         0  misc.o ABSOLUTE
    ARMLib\\STM32F10x_StdPeriph_Driver\\src\\stm32f10x_flash.c 0x00000000   Number         0  stm32f10x_flash.o ABSOLUTE
    ARMLib\\STM32F10x_StdPeriph_Driver\\src\\stm32f10x_gpio.c 0x00000000   Number         0  stm32f10x_gpio.o ABSOLUTE
    ARMLib\\STM32F10x_StdPeriph_Driver\\src\\stm32f10x_rcc.c 0x00000000   Number         0  stm32f10x_rcc.o ABSOLUTE
    ARMLib\\STM32F10x_StdPeriph_Driver\\src\\stm32f10x_usart.c 0x00000000   Number         0  stm32f10x_usart.o ABSOLUTE
    Source\CPESchipdef.c                     0x00000000   Number         0  cpeschipdef.o ABSOLUTE
    Source\\CPESchipdef.c                    0x00000000   Number         0  cpeschipdef.o ABSOLUTE
    Source\\ammeter_cmd.c                    0x00000000   Number         0  ammeter_cmd.o ABSOLUTE
    Source\\dscomm.c                         0x00000000   Number         0  dscomm.o ABSOLUTE
    Source\\main.c                           0x00000000   Number         0  main.o ABSOLUTE
    Source\\rfcomm.c                         0x00000000   Number         0  rfcomm.o ABSOLUTE
    Source\\serial.c                         0x00000000   Number         0  serial.o ABSOLUTE
    Source\ammeter_cmd.c                     0x00000000   Number         0  ammeter_cmd.o ABSOLUTE
    Source\dscomm.c                          0x00000000   Number         0  dscomm.o ABSOLUTE
    Source\main.c                            0x00000000   Number         0  main.o ABSOLUTE
    Source\rfcomm.c                          0x00000000   Number         0  rfcomm.o ABSOLUTE
    Source\serial.c                          0x00000000   Number         0  serial.o ABSOLUTE
    cortexm3_macro.s                         0x00000000   Number         0  cortexm3_macro.o ABSOLUTE
    dc.s                                     0x00000000   Number         0  dc.o ABSOLUTE
    handlers.s                               0x00000000   Number         0  handlers.o ABSOLUTE
    init.s                                   0x00000000   Number         0  init.o ABSOLUTE
    startup_stm32f10x_md.s                   0x00000000   Number         0  startup_stm32f10x_md.o ABSOLUTE
    RESET                                    0x08000000   Section      236  startup_stm32f10x_md.o(RESET)
    .ARM.Collect$$$$00000000                 0x080000ec   Section        0  entry.o(.ARM.Collect$$$$00000000)
    .ARM.Collect$$$$00000001                 0x080000ec   Section        4  entry2.o(.ARM.Collect$$$$00000001)
    .ARM.Collect$$$$00000004                 0x080000f0   Section        4  entry5.o(.ARM.Collect$$$$00000004)
    .ARM.Collect$$$$00000008                 0x080000f4   Section        0  entry7b.o(.ARM.Collect$$$$00000008)
    .ARM.Collect$$$$0000000A                 0x080000f4   Section        0  entry8b.o(.ARM.Collect$$$$0000000A)
    .ARM.Collect$$$$0000000B                 0x080000f4   Section        8  entry9a.o(.ARM.Collect$$$$0000000B)
    .ARM.Collect$$$$0000000D                 0x080000fc   Section        0  entry10a.o(.ARM.Collect$$$$0000000D)
    .ARM.Collect$$$$0000000F                 0x080000fc   Section        0  entry11a.o(.ARM.Collect$$$$0000000F)
    .ARM.Collect$$$$00002712                 0x080000fc   Section        4  entry2.o(.ARM.Collect$$$$00002712)
    __lit__00000000                          0x080000fc   Data           4  entry2.o(.ARM.Collect$$$$00002712)
    .text                                    0x08000100   Section       36  startup_stm32f10x_md.o(.text)
    .text                                    0x08000124   Section        0  main.o(.text)
    .text                                    0x080001a8   Section        0  serial.o(.text)
    .text                                    0x080002bc   Section        0  ammeter_cmd.o(.text)
    .text                                    0x08000410   Section        0  rfcomm.o(.text)
    .text                                    0x08000494   Section        0  cpeschipdef.o(.text)
    .text                                    0x080005d4   Section        0  dscomm.o(.text)
    .text                                    0x08000670   Section        0  stm32f10x_gpio.o(.text)
    .text                                    0x080009c8   Section        0  stm32f10x_rcc.o(.text)
    .text                                    0x08000d6c   Section        0  stm32f10x_usart.o(.text)
    .text                                    0x08001174   Section        0  stm32f10x_flash.o(.text)
    .text                                    0x08001730   Section        0  misc.o(.text)
    .text                                    0x0800180c   Section        0  memcpya.o(.text)
    .text                                    0x08001830   Section       36  init.o(.text)
    i.__scatterload_copy                     0x08001854   Section       14  handlers.o(i.__scatterload_copy)
    i.__scatterload_null                     0x08001862   Section        2  handlers.o(i.__scatterload_null)
    i.__scatterload_zeroinit                 0x08001864   Section       14  handlers.o(i.__scatterload_zeroinit)
    .data                                    0x20000000   Section       26  serial.o(.data)
    .data                                    0x2000001a   Section       23  ammeter_cmd.o(.data)
    .data                                    0x20000031   Section        2  rfcomm.o(.data)
    .data                                    0x20000033   Section        1  cpeschipdef.o(.data)
    .data                                    0x20000034   Section       20  stm32f10x_rcc.o(.data)
    APBAHBPrescTable                         0x20000034   Data          16  stm32f10x_rcc.o(.data)
    ADCPrescTable                            0x20000044   Data           4  stm32f10x_rcc.o(.data)
    .bss                                     0x20000048   Section       82  serial.o(.bss)
    .bss                                     0x2000009a   Section       16  ammeter_cmd.o(.bss)
    .bss                                     0x200000aa   Section       50  rfcomm.o(.bss)
    STACK                                    0x200000e0   Section     1024  startup_stm32f10x_md.o(STACK)

    Global Symbols

    Symbol Name                              Value     Ov Type        Size  Object(Section)

    BuildAttributes$$THM_ISAv4$P$D$K$B$S$PE$A:L22UL41UL21$X:L11$S22US41US21$IEEE1$IW$USESV6$~STKCKD$USESV7$~SHL$OSPACE$EBA8$MICROLIB$REQ8$PRES8$EABIv2 0x00000000   Number         0  anon$$obj.o ABSOLUTE
    __ARM_use_no_argv                        0x00000000   Number         0  main.o ABSOLUTE
    __cpp_initialize__aeabi_                  - Undefined Weak Reference
    __cxa_finalize                            - Undefined Weak Reference
    __decompress                              - Undefined Weak Reference
    _clock_init                               - Undefined Weak Reference
    _microlib_exit                            - Undefined Weak Reference
    __Vectors_Size                           0x000000ec   Number         0  startup_stm32f10x_md.o ABSOLUTE
    __Vectors                                0x08000000   Data           4  startup_stm32f10x_md.o(RESET)
    __Vectors_End                            0x080000ec   Data           0  startup_stm32f10x_md.o(RESET)
    __main                                   0x080000ed   Thumb Code     0  entry.o(.ARM.Collect$$$$00000000)
    _main_stk                                0x080000ed   Thumb Code     0  entry2.o(.ARM.Collect$$$$00000001)
    _main_scatterload                        0x080000f1   Thumb Code     0  entry5.o(.ARM.Collect$$$$00000004)
    __main_after_scatterload                 0x080000f5   Thumb Code     0  entry5.o(.ARM.Collect$$$$00000004)
    _main_clock                              0x080000f5   Thumb Code     0  entry7b.o(.ARM.Collect$$$$00000008)
    _main_cpp_init                           0x080000f5   Thumb Code     0  entry8b.o(.ARM.Collect$$$$0000000A)
    _main_init                               0x080000f5   Thumb Code     0  entry9a.o(.ARM.Collect$$$$0000000B)
    __rt_final_cpp                           0x080000fd   Thumb Code     0  entry10a.o(.ARM.Collect$$$$0000000D)
    __rt_final_exit                          0x080000fd   Thumb Code     0  entry11a.o(.ARM.Collect$$$$0000000F)
    Reset_Handler                            0x08000101   Thumb Code     8  startup_stm32f10x_md.o(.text)
    NMI_Handler                              0x08000109   Thumb Code     2  startup_stm32f10x_md.o(.text)
    HardFault_Handler                        0x0800010b   Thumb Code     2  startup_stm32f10x_md.o(.text)
    MemManage_Handler                        0x0800010d   Thumb Code     2  startup_stm32f10x_md.o(.text)
    BusFault_Handler                         0x0800010f   Thumb Code     2  startup_stm32f10x_md.o(.text)
    UsageFault_Handler                       0x08000111   Thumb Code     2  startup_stm32f10x_md.o(.text)
    SVC_Handler                              0x08000113   Thumb Code     2  startup_stm32f10x_md.o(.text)
    DebugMon_Handler                         0x08000115   Thumb Code     2  startup_stm32f10x_md.o(.text)
    PendSV_Handler                           0x08000117   Thumb Code     2  startup_stm32f10x_md.o(.text)
    SysTick_Handler                          0x08000119   Thumb Code     2  startup_stm32f10x_md.o(.text)
    ADC1_2_IRQHandler                        0x0800011b   Thumb Code     0  startup_stm32f10x_md.o(.text)
    CAN1_RX1_IRQHandler                      0x0800011b   Thumb Code     0  startup_stm32f10x_md.o(.text)
    CAN1_SCE_IRQHandler                      0x0800011b   Thumb Code     0  startup_stm32f10x_md.o(.text)
    DMA1_Channel1_IRQHandler                 0x0800011b   Thumb Code     0  startup_stm32f10x_md.o(.text)
    DMA1_Channel2_IRQHandler                 0x0800011b   Thumb Code     0  startup_stm32f10x_md.o(.text)
    DMA1_Channel3_IRQHandler                 0x0800011b   Thumb Code     0  startup_stm32f10x_md.o(.text)
    DMA1_Channel4_IRQHandler                 0x0800011b   Thumb Code     0  startup_stm32f10x_md.o(.text)
    DMA1_Channel5_IRQHandler                 0x0800011b   Thumb Code     0  startup_stm32f10x_md.o(.text)
    DMA1_Channel6_IRQHandler                 0x0800011b   Thumb Code     0  startup_stm32f10x_md.o(.text)
    DMA1_Channel7_IRQHandler                 0x0800011b   Thumb Code     0  startup_stm32f10x_md.o(.text)
    EXTI0_IRQHandler                         0x0800011b   Thumb Code     0  startup_stm32f10x_md.o(.text)
    EXTI15_10_IRQHandler                     0x0800011b   Thumb Code     0  startup_stm32f10x_md.o(.text)
    EXTI1_IRQHandler                         0x0800011b   Thumb Code     0  startup_stm32f10x_md.o(.text)
    EXTI2_IRQHandler                         0x0800011b   Thumb Code     0  startup_stm32f10x_md.o(.text)
    EXTI3_IRQHandler                         0x0800011b   Thumb Code     0  startup_stm32f10x_md.o(.text)
    EXTI4_IRQHandler                         0x0800011b   Thumb Code     0  startup_stm32f10x_md.o(.text)
    EXTI9_5_IRQHandler                       0x0800011b   Thumb Code     0  startup_stm32f10x_md.o(.text)
    FLASH_IRQHandler                         0x0800011b   Thumb Code     0  startup_stm32f10x_md.o(.text)
    I2C1_ER_IRQHandler                       0x0800011b   Thumb Code     0  startup_stm32f10x_md.o(.text)
    I2C1_EV_IRQHandler                       0x0800011b   Thumb Code     0  startup_stm32f10x_md.o(.text)
    I2C2_ER_IRQHandler                       0x0800011b   Thumb Code     0  startup_stm32f10x_md.o(.text)
    I2C2_EV_IRQHandler                       0x0800011b   Thumb Code     0  startup_stm32f10x_md.o(.text)
    PVD_IRQHandler                           0x0800011b   Thumb Code     0  startup_stm32f10x_md.o(.text)
    RCC_IRQHandler                           0x0800011b   Thumb Code     0  startup_stm32f10x_md.o(.text)
    RTCAlarm_IRQHandler                      0x0800011b   Thumb Code     0  startup_stm32f10x_md.o(.text)
    RTC_IRQHandler                           0x0800011b   Thumb Code     0  startup_stm32f10x_md.o(.text)
    SPI1_IRQHandler                          0x0800011b   Thumb Code     0  startup_stm32f10x_md.o(.text)
    SPI2_IRQHandler                          0x0800011b   Thumb Code     0  startup_stm32f10x_md.o(.text)
    TAMPER_IRQHandler                        0x0800011b   Thumb Code     0  startup_stm32f10x_md.o(.text)
    TIM1_BRK_IRQHandler                      0x0800011b   Thumb Code     0  startup_stm32f10x_md.o(.text)
    TIM1_CC_IRQHandler                       0x0800011b   Thumb Code     0  startup_stm32f10x_md.o(.text)
    TIM1_TRG_COM_IRQHandler                  0x0800011b   Thumb Code     0  startup_stm32f10x_md.o(.text)
    TIM1_UP_IRQHandler                       0x0800011b   Thumb Code     0  startup_stm32f10x_md.o(.text)
    TIM2_IRQHandler                          0x0800011b   Thumb Code     0  startup_stm32f10x_md.o(.text)
    TIM3_IRQHandler                          0x0800011b   Thumb Code     0  startup_stm32f10x_md.o(.text)
    TIM4_IRQHandler                          0x0800011b   Thumb Code     0  startup_stm32f10x_md.o(.text)
    USART1_IRQHandler                        0x0800011b   Thumb Code     0  startup_stm32f10x_md.o(.text)
    USART2_IRQHandler                        0x0800011b   Thumb Code     0  startup_stm32f10x_md.o(.text)
    USART3_IRQHandler                        0x0800011b   Thumb Code     0  startup_stm32f10x_md.o(.text)
    USBWakeUp_IRQHandler                     0x0800011b   Thumb Code     0  startup_stm32f10x_md.o(.text)
    USB_HP_CAN1_TX_IRQHandler                0x0800011b   Thumb Code     0  startup_stm32f10x_md.o(.text)
    USB_LP_CAN1_RX0_IRQHandler               0x0800011b   Thumb Code     0  startup_stm32f10x_md.o(.text)
    WWDG_IRQHandler                          0x0800011b   Thumb Code     0  startup_stm32f10x_md.o(.text)
    copyBuffer                               0x08000125   Thumb Code    28  main.o(.text)
    initBoard                                0x08000141   Thumb Code    16  main.o(.text)
    main                                     0x08000151   Thumb Code    56  main.o(.text)
    SystemInit                               0x08000189   Thumb Code     2  main.o(.text)
    USART_Configuration                      0x080001a9   Thumb Code    90  serial.o(.text)
    USART_Recv                               0x08000203   Thumb Code    76  serial.o(.text)
    USART_Send                               0x0800024f   Thumb Code    56  serial.o(.text)
    InitUSARTPort                            0x08000287   Thumb Code    24  serial.o(.text)
    getCheckCode                             0x080002bd   Thumb Code    40  ammeter_cmd.o(.text)
    AMT_RecvData                             0x080002e5   Thumb Code     8  ammeter_cmd.o(.text)
    AMT_SendCmd                              0x080002ed   Thumb Code     8  ammeter_cmd.o(.text)
    AMT_copyBuffer                           0x080002f5   Thumb Code    32  ammeter_cmd.o(.text)
    generateCmd                              0x08000315   Thumb Code   160  ammeter_cmd.o(.text)
    AMT_getAmtPara                           0x080003b5   Thumb Code    56  ammeter_cmd.o(.text)
    RF_RecvCmd                               0x08000411   Thumb Code    68  rfcomm.o(.text)
    RF_SendData                              0x08000455   Thumb Code    46  rfcomm.o(.text)
    RCC_Configuration                        0x08000495   Thumb Code   128  cpeschipdef.o(.text)
    GPIO_Configuration                       0x08000515   Thumb Code   150  cpeschipdef.o(.text)
    NVIC_Configuration                       0x080005ab   Thumb Code    14  cpeschipdef.o(.text)
    getNodeInfo                              0x080005b9   Thumb Code     2  cpeschipdef.o(.text)
    Delay                                    0x080005bb   Thumb Code    18  cpeschipdef.o(.text)
    DS_RecvData                              0x080005d5   Thumb Code     8  dscomm.o(.text)
    DS_SendCmd                               0x080005dd   Thumb Code     8  dscomm.o(.text)
    DS_copyBuffer                            0x080005e5   Thumb Code    26  dscomm.o(.text)
    DS_getAMTData                            0x080005ff   Thumb Code    70  dscomm.o(.text)
    DS_getTempData                           0x08000645   Thumb Code     2  dscomm.o(.text)
    DS_getThermoElecData                     0x08000647   Thumb Code     2  dscomm.o(.text)
    DS_getSensorData                         0x08000649   Thumb Code    30  dscomm.o(.text)
    GPIO_DeInit                              0x08000671   Thumb Code   172  stm32f10x_gpio.o(.text)
    GPIO_AFIODeInit                          0x0800071d   Thumb Code    20  stm32f10x_gpio.o(.text)
    GPIO_Init                                0x08000731   Thumb Code   274  stm32f10x_gpio.o(.text)
    GPIO_StructInit                          0x08000843   Thumb Code    16  stm32f10x_gpio.o(.text)
    GPIO_ReadInputDataBit                    0x08000853   Thumb Code    18  stm32f10x_gpio.o(.text)
    GPIO_ReadInputData                       0x08000865   Thumb Code     8  stm32f10x_gpio.o(.text)
    GPIO_ReadOutputDataBit                   0x0800086d   Thumb Code    18  stm32f10x_gpio.o(.text)
    GPIO_ReadOutputData                      0x0800087f   Thumb Code     8  stm32f10x_gpio.o(.text)
    GPIO_SetBits                             0x08000887   Thumb Code     4  stm32f10x_gpio.o(.text)
    GPIO_ResetBits                           0x0800088b   Thumb Code     4  stm32f10x_gpio.o(.text)
    GPIO_WriteBit                            0x0800088f   Thumb Code    10  stm32f10x_gpio.o(.text)
    GPIO_Write                               0x08000899   Thumb Code     4  stm32f10x_gpio.o(.text)
    GPIO_PinLockConfig                       0x0800089d   Thumb Code    18  stm32f10x_gpio.o(.text)
    GPIO_EventOutputConfig                   0x080008af   Thumb Code    26  stm32f10x_gpio.o(.text)
    GPIO_EventOutputCmd                      0x080008c9   Thumb Code     6  stm32f10x_gpio.o(.text)
    GPIO_PinRemapConfig                      0x080008cf   Thumb Code   138  stm32f10x_gpio.o(.text)
    GPIO_EXTILineConfig                      0x08000959   Thumb Code    66  stm32f10x_gpio.o(.text)
    GPIO_ETH_MediaInterfaceConfig            0x0800099b   Thumb Code     6  stm32f10x_gpio.o(.text)
    RCC_DeInit                               0x080009c9   Thumb Code    64  stm32f10x_rcc.o(.text)
    RCC_HSEConfig                            0x08000a09   Thumb Code    70  stm32f10x_rcc.o(.text)
    RCC_GetFlagStatus                        0x08000a4f   Thumb Code    56  stm32f10x_rcc.o(.text)
    RCC_WaitForHSEStartUp                    0x08000a87   Thumb Code    56  stm32f10x_rcc.o(.text)
    RCC_AdjustHSICalibrationValue            0x08000abf   Thumb Code    20  stm32f10x_rcc.o(.text)
    RCC_HSICmd                               0x08000ad3   Thumb Code     6  stm32f10x_rcc.o(.text)
    RCC_PLLConfig                            0x08000ad9   Thumb Code    24  stm32f10x_rcc.o(.text)
    RCC_PLLCmd                               0x08000af1   Thumb Code     6  stm32f10x_rcc.o(.text)
    RCC_SYSCLKConfig                         0x08000af7   Thumb Code    18  stm32f10x_rcc.o(.text)
    RCC_GetSYSCLKSource                      0x08000b09   Thumb Code    10  stm32f10x_rcc.o(.text)
    RCC_HCLKConfig                           0x08000b13   Thumb Code    18  stm32f10x_rcc.o(.text)
    RCC_PCLK1Config                          0x08000b25   Thumb Code    18  stm32f10x_rcc.o(.text)
    RCC_PCLK2Config                          0x08000b37   Thumb Code    20  stm32f10x_rcc.o(.text)
    RCC_ITConfig                             0x08000b4b   Thumb Code    26  stm32f10x_rcc.o(.text)
    RCC_USBCLKConfig                         0x08000b65   Thumb Code     6  stm32f10x_rcc.o(.text)
    RCC_ADCCLKConfig                         0x08000b6b   Thumb Code    18  stm32f10x_rcc.o(.text)
    RCC_LSEConfig                            0x08000b7d   Thumb Code    44  stm32f10x_rcc.o(.text)
    RCC_LSICmd                               0x08000ba9   Thumb Code     6  stm32f10x_rcc.o(.text)
    RCC_RTCCLKConfig                         0x08000baf   Thumb Code    12  stm32f10x_rcc.o(.text)
    RCC_RTCCLKCmd                            0x08000bbb   Thumb Code     8  stm32f10x_rcc.o(.text)
    RCC_GetClocksFreq                        0x08000bc3   Thumb Code   192  stm32f10x_rcc.o(.text)
    RCC_AHBPeriphClockCmd                    0x08000c83   Thumb Code    26  stm32f10x_rcc.o(.text)
    RCC_APB2PeriphClockCmd                   0x08000c9d   Thumb Code    26  stm32f10x_rcc.o(.text)
    RCC_APB1PeriphClockCmd                   0x08000cb7   Thumb Code    26  stm32f10x_rcc.o(.text)
    RCC_APB2PeriphResetCmd                   0x08000cd1   Thumb Code    26  stm32f10x_rcc.o(.text)
    RCC_APB1PeriphResetCmd                   0x08000ceb   Thumb Code    26  stm32f10x_rcc.o(.text)
    RCC_BackupResetCmd                       0x08000d05   Thumb Code     8  stm32f10x_rcc.o(.text)
    RCC_ClockSecuritySystemCmd               0x08000d0d   Thumb Code     6  stm32f10x_rcc.o(.text)
    RCC_MCOConfig                            0x08000d13   Thumb Code     6  stm32f10x_rcc.o(.text)
    RCC_ClearFlag                            0x08000d19   Thumb Code    14  stm32f10x_rcc.o(.text)
    RCC_GetITStatus                          0x08000d27   Thumb Code    20  stm32f10x_rcc.o(.text)
    RCC_ClearITPendingBit                    0x08000d3b   Thumb Code     6  stm32f10x_rcc.o(.text)
    USART_DeInit                             0x08000d6d   Thumb Code   134  stm32f10x_usart.o(.text)
    USART_Init                               0x08000df3   Thumb Code   210  stm32f10x_usart.o(.text)
    USART_StructInit                         0x08000ec5   Thumb Code    24  stm32f10x_usart.o(.text)
    USART_ClockInit                          0x08000edd   Thumb Code    34  stm32f10x_usart.o(.text)
    USART_ClockStructInit                    0x08000eff   Thumb Code    12  stm32f10x_usart.o(.text)
    USART_Cmd                                0x08000f0b   Thumb Code    24  stm32f10x_usart.o(.text)
    USART_ITConfig                           0x08000f23   Thumb Code    74  stm32f10x_usart.o(.text)
    USART_DMACmd                             0x08000f6d   Thumb Code    18  stm32f10x_usart.o(.text)
    USART_SetAddress                         0x08000f7f   Thumb Code    18  stm32f10x_usart.o(.text)
    USART_WakeUpConfig                       0x08000f91   Thumb Code    18  stm32f10x_usart.o(.text)
    USART_ReceiverWakeUpCmd                  0x08000fa3   Thumb Code    24  stm32f10x_usart.o(.text)
    USART_LINBreakDetectLengthConfig         0x08000fbb   Thumb Code    18  stm32f10x_usart.o(.text)
    USART_LINCmd                             0x08000fcd   Thumb Code    24  stm32f10x_usart.o(.text)
    USART_SendData                           0x08000fe5   Thumb Code     8  stm32f10x_usart.o(.text)
    USART_ReceiveData                        0x08000fed   Thumb Code    10  stm32f10x_usart.o(.text)
    USART_SendBreak                          0x08000ff7   Thumb Code    10  stm32f10x_usart.o(.text)
    USART_SetGuardTime                       0x08001001   Thumb Code    16  stm32f10x_usart.o(.text)
    USART_SetPrescaler                       0x08001011   Thumb Code    16  stm32f10x_usart.o(.text)
    USART_SmartCardCmd                       0x08001021   Thumb Code    24  stm32f10x_usart.o(.text)
    USART_SmartCardNACKCmd                   0x08001039   Thumb Code    24  stm32f10x_usart.o(.text)
    USART_HalfDuplexCmd                      0x08001051   Thumb Code    24  stm32f10x_usart.o(.text)
    USART_OverSampling8Cmd                   0x08001069   Thumb Code    22  stm32f10x_usart.o(.text)
    USART_OneBitMethodCmd                    0x0800107f   Thumb Code    24  stm32f10x_usart.o(.text)
    USART_IrDAConfig                         0x08001097   Thumb Code    18  stm32f10x_usart.o(.text)
    USART_IrDACmd                            0x080010a9   Thumb Code    24  stm32f10x_usart.o(.text)
    USART_GetFlagStatus                      0x080010c1   Thumb Code    26  stm32f10x_usart.o(.text)
    USART_ClearFlag                          0x080010db   Thumb Code    18  stm32f10x_usart.o(.text)
    USART_GetITStatus                        0x080010ed   Thumb Code    84  stm32f10x_usart.o(.text)
    USART_ClearITPendingBit                  0x08001141   Thumb Code    52  stm32f10x_usart.o(.text)
    FLASH_SetLatency                         0x08001175   Thumb Code    18  stm32f10x_flash.o(.text)
    FLASH_HalfCycleAccessCmd                 0x08001187   Thumb Code    22  stm32f10x_flash.o(.text)
    FLASH_PrefetchBufferCmd                  0x0800119d   Thumb Code    22  stm32f10x_flash.o(.text)
    FLASH_Unlock                             0x080011b3   Thumb Code    12  stm32f10x_flash.o(.text)
    FLASH_UnlockBank1                        0x080011bf   Thumb Code    12  stm32f10x_flash.o(.text)
    FLASH_Lock                               0x080011cb   Thumb Code    14  stm32f10x_flash.o(.text)
    FLASH_LockBank1                          0x080011d9   Thumb Code    14  stm32f10x_flash.o(.text)
    FLASH_GetBank1Status                     0x080011e7   Thumb Code    48  stm32f10x_flash.o(.text)
    FLASH_WaitForLastOperation               0x08001217   Thumb Code    38  stm32f10x_flash.o(.text)
    FLASH_ErasePage                          0x0800123d   Thumb Code    72  stm32f10x_flash.o(.text)
    FLASH_EraseAllPages                      0x08001285   Thumb Code    68  stm32f10x_flash.o(.text)
    FLASH_WaitForLastBank1Operation          0x080012c9   Thumb Code    38  stm32f10x_flash.o(.text)
    FLASH_EraseAllBank1Pages                 0x080012ef   Thumb Code    68  stm32f10x_flash.o(.text)
    FLASH_GetReadOutProtectionStatus         0x08001333   Thumb Code    20  stm32f10x_flash.o(.text)
    FLASH_EraseOptionBytes                   0x08001347   Thumb Code   150  stm32f10x_flash.o(.text)
    FLASH_ProgramWord                        0x080013dd   Thumb Code   102  stm32f10x_flash.o(.text)
    FLASH_ProgramHalfWord                    0x08001443   Thumb Code    60  stm32f10x_flash.o(.text)
    FLASH_ProgramOptionByteData              0x0800147f   Thumb Code    72  stm32f10x_flash.o(.text)
    FLASH_EnableWriteProtection              0x080014c7   Thumb Code   200  stm32f10x_flash.o(.text)
    FLASH_ReadOutProtection                  0x0800158f   Thumb Code   156  stm32f10x_flash.o(.text)
    FLASH_UserOptionByteConfig               0x0800162b   Thumb Code    88  stm32f10x_flash.o(.text)
    FLASH_GetUserOptionByte                  0x08001683   Thumb Code     8  stm32f10x_flash.o(.text)
    FLASH_GetWriteProtectionOptionByte       0x0800168b   Thumb Code     6  stm32f10x_flash.o(.text)
    FLASH_GetPrefetchBufferStatus            0x08001691   Thumb Code    20  stm32f10x_flash.o(.text)
    FLASH_ITConfig                           0x080016a5   Thumb Code    26  stm32f10x_flash.o(.text)
    FLASH_GetFlagStatus                      0x080016bf   Thumb Code    42  stm32f10x_flash.o(.text)
    FLASH_ClearFlag                          0x080016e9   Thumb Code     6  stm32f10x_flash.o(.text)
    FLASH_GetStatus                          0x080016ef   Thumb Code    48  stm32f10x_flash.o(.text)
    NVIC_PriorityGroupConfig                 0x08001731   Thumb Code    10  misc.o(.text)
    NVIC_Init                                0x0800173b   Thumb Code   102  misc.o(.text)
    NVIC_SetVectorTable                      0x080017a1   Thumb Code    14  misc.o(.text)
    NVIC_SystemLPConfig                      0x080017af   Thumb Code    34  misc.o(.text)
    SysTick_CLKSourceConfig                  0x080017d1   Thumb Code    40  misc.o(.text)
    __aeabi_memcpy                           0x0800180d   Thumb Code    36  memcpya.o(.text)
    __aeabi_memcpy4                          0x0800180d   Thumb Code     0  memcpya.o(.text)
    __aeabi_memcpy8                          0x0800180d   Thumb Code     0  memcpya.o(.text)
    __scatterload                            0x08001831   Thumb Code    28  init.o(.text)
    __scatterload_rt2                        0x08001831   Thumb Code     0  init.o(.text)
    __scatterload_copy                       0x08001855   Thumb Code    14  handlers.o(i.__scatterload_copy)
    __scatterload_null                       0x08001863   Thumb Code     2  handlers.o(i.__scatterload_null)
    __scatterload_zeroinit                   0x08001865   Thumb Code    14  handlers.o(i.__scatterload_zeroinit)
    Region$$Table$$Base                      0x08001874   Number         0  anon$$obj.o(Region$$Table)
    Region$$Table$$Limit                     0x08001894   Number         0  anon$$obj.o(Region$$Table)
    TxBuffer                                 0x20000000   Data          16  serial.o(.data)
    TxBufferSize                             0x20000010   Data           1  serial.o(.data)
    RxBufferSize                             0x20000011   Data           1  serial.o(.data)
    SerialBufferSize                         0x20000012   Data           1  serial.o(.data)
    SerialDataLength                         0x20000013   Data           1  serial.o(.data)
    TxCounter                                0x20000014   Data           1  serial.o(.data)
    RxCounter                                0x20000015   Data           1  serial.o(.data)
    GPIO_InitStructure                       0x20000016   Data           4  serial.o(.data)
    commandForAmt1Current                    0x2000001a   Data          16  ammeter_cmd.o(.data)
    commandLength                            0x2000002a   Data           1  ammeter_cmd.o(.data)
    AMT_addr                                 0x2000002b   Data           6  ammeter_cmd.o(.data)
    RFBufferSize                             0x20000031   Data           1  rfcomm.o(.data)
    RFDataLength                             0x20000032   Data           1  rfcomm.o(.data)
    HSEStartUpStatus                         0x20000033   Data           1  cpeschipdef.o(.data)
    RxBuffer                                 0x20000048   Data          16  serial.o(.bss)
    USART_InitStructure                      0x20000058   Data          16  serial.o(.bss)
    SerialBuffer                             0x20000068   Data          50  serial.o(.bss)
    amtCmd                                   0x2000009a   Data          16  ammeter_cmd.o(.bss)
    RFBuffer                                 0x200000aa   Data          50  rfcomm.o(.bss)
    __initial_sp                             0x200004e0   Data           0  startup_stm32f10x_md.o(STACK)



==============================================================================

Memory Map of the image

  Image Entry point : 0x08000101

  Load Region LR_1 (Base: 0x08000000, Size: 0x000018dc, Max: 0xffffffff, ABSOLUTE)

    Execution Region ER_RO (Base: 0x08000000, Size: 0x00001894, Max: 0xffffffff, ABSOLUTE)

    Base Addr    Size         Type   Attr      Idx    E Section Name        Object

    0x08000000   0x000000ec   Data   RO            3    RESET               startup_stm32f10x_md.o
    0x080000ec   0x00000000   Code   RO          350  * .ARM.Collect$$$$00000000  mc_w.l(entry.o)
    0x080000ec   0x00000004   Code   RO          357    .ARM.Collect$$$$00000001  mc_w.l(entry2.o)
    0x080000f0   0x00000004   Code   RO          360    .ARM.Collect$$$$00000004  mc_w.l(entry5.o)
    0x080000f4   0x00000000   Code   RO          362    .ARM.Collect$$$$00000008  mc_w.l(entry7b.o)
    0x080000f4   0x00000000   Code   RO          364    .ARM.Collect$$$$0000000A  mc_w.l(entry8b.o)
    0x080000f4   0x00000008   Code   RO          365    .ARM.Collect$$$$0000000B  mc_w.l(entry9a.o)
    0x080000fc   0x00000000   Code   RO          367    .ARM.Collect$$$$0000000D  mc_w.l(entry10a.o)
    0x080000fc   0x00000000   Code   RO          369    .ARM.Collect$$$$0000000F  mc_w.l(entry11a.o)
    0x080000fc   0x00000004   Code   RO          358    .ARM.Collect$$$$00002712  mc_w.l(entry2.o)
    0x08000100   0x00000024   Code   RO            4  * .text               startup_stm32f10x_md.o
    0x08000124   0x00000084   Code   RO           15    .text               main.o
    0x080001a8   0x00000114   Code   RO          100    .text               serial.o
    0x080002bc   0x00000154   Code   RO          124    .text               ammeter_cmd.o
    0x08000410   0x00000084   Code   RO          149    .text               rfcomm.o
    0x08000494   0x00000140   Code   RO          173    .text               cpeschipdef.o
    0x080005d4   0x0000009c   Code   RO          196    .text               dscomm.o
    0x08000670   0x00000358   Code   RO          217    .text               stm32f10x_gpio.o
    0x080009c8   0x000003a4   Code   RO          255    .text               stm32f10x_rcc.o
    0x08000d6c   0x00000408   Code   RO          283    .text               stm32f10x_usart.o
    0x08001174   0x000005bc   Code   RO          306    .text               stm32f10x_flash.o
    0x08001730   0x000000dc   Code   RO          329    .text               misc.o
    0x0800180c   0x00000024   Code   RO          353    .text               mc_w.l(memcpya.o)
    0x08001830   0x00000024   Code   RO          371    .text               mc_w.l(init.o)
    0x08001854   0x0000000e   Code   RO          375    i.__scatterload_copy  mc_w.l(handlers.o)
    0x08001862   0x00000002   Code   RO          376    i.__scatterload_null  mc_w.l(handlers.o)
    0x08001864   0x0000000e   Code   RO          377    i.__scatterload_zeroinit  mc_w.l(handlers.o)
    0x08001872   0x00000002   PAD
    0x08001874   0x00000020   Data   RO          373    Region$$Table       anon$$obj.o


    Execution Region ER_RW (Base: 0x20000000, Size: 0x00000048, Max: 0xffffffff, ABSOLUTE)

    Base Addr    Size         Type   Attr      Idx    E Section Name        Object

    0x20000000   0x0000001a   Data   RW          102    .data               serial.o
    0x2000001a   0x00000017   Data   RW          126    .data               ammeter_cmd.o
    0x20000031   0x00000002   Data   RW          151    .data               rfcomm.o
    0x20000033   0x00000001   Data   RW          174    .data               cpeschipdef.o
    0x20000034   0x00000014   Data   RW          256    .data               stm32f10x_rcc.o


    Execution Region ER_ZI (Base: 0x20000048, Size: 0x00000498, Max: 0xffffffff, ABSOLUTE)

    Base Addr    Size         Type   Attr      Idx    E Section Name        Object

    0x20000048   0x00000052   Zero   RW          101    .bss                serial.o
    0x2000009a   0x00000010   Zero   RW          125    .bss                ammeter_cmd.o
    0x200000aa   0x00000032   Zero   RW          150    .bss                rfcomm.o
    0x200000dc   0x00000004   PAD
    0x200000e0   0x00000400   Zero   RW            1    STACK               startup_stm32f10x_md.o


==============================================================================

Image component sizes


      Code (inc. data)   RO Data    RW Data    ZI Data      Debug   Object Name

       340         36          0         23         16       2392   ammeter_cmd.o
       320          8          0          1          0       1491   cpeschipdef.o
       156         10          0          0          0       1870   dscomm.o
       132         30          0          0          0     223221   main.o
       220         20          0          0          0       3681   misc.o
       132         18          0          2         50       1266   rfcomm.o
       276         30          0         26         82       2226   serial.o
        36          8        236          0       1024        792   startup_stm32f10x_md.o
      1468         34          0          0          0      14582   stm32f10x_flash.o
       856         40          0          0          0      22997   stm32f10x_gpio.o
       932         44          0         20          0      17792   stm32f10x_rcc.o
      1032         22          0          0          0      14624   stm32f10x_usart.o

    ----------------------------------------------------------------------
      5900        300        268         72       1176     306934   Object Totals
         0          0         32          0          0          0   (incl. Generated)
         0          0          0          0          4          0   (incl. Padding)

    ----------------------------------------------------------------------

      Code (inc. data)   RO Data    RW Data    ZI Data      Debug   Library Member Name

         0          0          0          0          0          0   entry.o
         0          0          0          0          0          0   entry10a.o
         0          0          0          0          0          0   entry11a.o
         8          4          0          0          0          0   entry2.o
         4          0          0          0          0          0   entry5.o
         0          0          0          0          0          0   entry7b.o
         0          0          0          0          0          0   entry8b.o
         8          4          0          0          0          0   entry9a.o
        30          0          0          0          0          0   handlers.o
        36          8          0          0          0         68   init.o
        36          0          0          0          0         68   memcpya.o

    ----------------------------------------------------------------------
       124         16          0          0          0        136   Library Totals
         2          0          0          0          0          0   (incl. Padding)

    ----------------------------------------------------------------------

      Code (inc. data)   RO Data    RW Data    ZI Data      Debug   Library Name

       122         16          0          0          0        136   mc_w.l

    ----------------------------------------------------------------------
       124         16          0          0          0        136   Library Totals

    ----------------------------------------------------------------------

==============================================================================


      Code (inc. data)   RO Data    RW Data    ZI Data      Debug   

      6024        316        268         72       1176     305874   Grand Totals
      6024        316        268         72       1176     305874   ELF Image Totals
      6024        316        268         72          0          0   ROM Totals

==============================================================================

    Total RO  Size (Code + RO Data)                 6292 (   6.14kB)
    Total RW  Size (RW Data + ZI Data)              1248 (   1.22kB)
    Total ROM Size (Code + RO Data + RW Data)       6364 (   6.21kB)

==============================================================================

