ARM Linker, 5.03 [Build 76] [MDK-ARM Standard]

==============================================================================

Section Cross References

    startup_stm32f10x_md.o(RESET) refers to startup_stm32f10x_md.o(STACK) for __initial_sp
    startup_stm32f10x_md.o(RESET) refers to startup_stm32f10x_md.o(.text) for Reset_Handler
    startup_stm32f10x_md.o(.text) refers to main.o(.text) for SystemInit
    startup_stm32f10x_md.o(.text) refers to entry.o(.ARM.Collect$$$$00000000) for __main
    main.o(.text) refers to cpeschipdef.o(.text) for RCC_Configuration
    main.o(.text) refers to serial.o(.text) for USART_Configuration
    main.o(.text) refers to stm32f10x_gpio.o(.text) for GPIO_SetBits
    main.o(.text) refers to rfcomm.o(.text) for RF_RecvCmd
    main.o(.text) refers to serial.o(.data) for SerialDataLength
    main.o(.text) refers to serial.o(.bss) for SerialBuffer
    main.o(.text) refers to rfcomm.o(.data) for RFDataLength
    main.o(.text) refers to rfcomm.o(.bss) for RFBuffer
    serial.o(.text) refers to stm32f10x_usart.o(.text) for USART_Init
    serial.o(.text) refers to stm32f10x_gpio.o(.text) for GPIO_ResetBits
    serial.o(.text) refers to cpeschipdef.o(.text) for RCC_Configuration
    serial.o(.text) refers to serial.o(.bss) for USART_InitStructure
    serial.o(.text) refers to serial.o(.data) for SerialBufferSize
    rfcomm.o(.text) refers to stm32f10x_usart.o(.text) for USART_ReceiveData
    rfcomm.o(.text) refers to rfcomm.o(.bss) for RFBuffer
    rfcomm.o(.text) refers to rfcomm.o(.data) for RFBufferSize
    cpeschipdef.o(.text) refers to stm32f10x_rcc.o(.text) for RCC_DeInit
    cpeschipdef.o(.text) refers to stm32f10x_flash.o(.text) for FLASH_SetLatency
    cpeschipdef.o(.text) refers to stm32f10x_gpio.o(.text) for GPIO_PinRemapConfig
    cpeschipdef.o(.text) refers to stm32f10x_nvic.o(.text) for NVIC_SetVectorTable
    cpeschipdef.o(.text) refers to cpeschipdef.o(.data) for HSEStartUpStatus
    stm32f10x_gpio.o(.text) refers to stm32f10x_rcc.o(.text) for RCC_APB2PeriphResetCmd
    stm32f10x_rcc.o(.text) refers to stm32f10x_rcc.o(.constdata) for APBAHBPrescTable
    stm32f10x_usart.o(.text) refers to stm32f10x_rcc.o(.text) for RCC_APB2PeriphResetCmd
    stm32f10x_nvic.o(.text) refers to cortexm3_macro.o(.text) for __SETPRIMASK
    entry.o(.ARM.Collect$$$$00000000) refers (Special) to entry10a.o(.ARM.Collect$$$$0000000D) for __rt_final_cpp
    entry.o(.ARM.Collect$$$$00000000) refers (Special) to entry11a.o(.ARM.Collect$$$$0000000F) for __rt_final_exit
    entry.o(.ARM.Collect$$$$00000000) refers (Special) to entry7b.o(.ARM.Collect$$$$00000008) for _main_clock
    entry.o(.ARM.Collect$$$$00000000) refers (Special) to entry8b.o(.ARM.Collect$$$$0000000A) for _main_cpp_init
    entry.o(.ARM.Collect$$$$00000000) refers (Special) to entry9a.o(.ARM.Collect$$$$0000000B) for _main_init
    entry.o(.ARM.Collect$$$$00000000) refers (Special) to entry5.o(.ARM.Collect$$$$00000004) for _main_scatterload
    entry.o(.ARM.Collect$$$$00000000) refers (Special) to entry2.o(.ARM.Collect$$$$00000001) for _main_stk
    entry2.o(.ARM.Collect$$$$00000001) refers to entry2.o(.ARM.Collect$$$$00002712) for __lit__00000000
    entry2.o(.ARM.Collect$$$$00002712) refers to startup_stm32f10x_md.o(STACK) for __initial_sp
    entry2.o(__vectab_stack_and_reset_area) refers to startup_stm32f10x_md.o(STACK) for __initial_sp
    entry2.o(__vectab_stack_and_reset_area) refers to entry.o(.ARM.Collect$$$$00000000) for __main
    entry5.o(.ARM.Collect$$$$00000004) refers to init.o(.text) for __scatterload
    entry9a.o(.ARM.Collect$$$$0000000B) refers to main.o(.text) for main
    entry9b.o(.ARM.Collect$$$$0000000C) refers to main.o(.text) for main
    init.o(.text) refers to entry5.o(.ARM.Collect$$$$00000004) for __main_after_scatterload


==============================================================================

Removing Unused input sections from the image.

    Removing startup_stm32f10x_md.o(HEAP), (512 bytes).

1 unused section(s) (total 512 bytes) removed from the image.

==============================================================================

Image Symbol Table

    Local Symbols

    Symbol Name                              Value     Ov Type        Size  Object(Section)

    ../clib/microlib/init/entry.s            0x00000000   Number         0  entry.o ABSOLUTE
    ../clib/microlib/init/entry.s            0x00000000   Number         0  entry11a.o ABSOLUTE
    ../clib/microlib/init/entry.s            0x00000000   Number         0  entry11b.o ABSOLUTE
    ../clib/microlib/init/entry.s            0x00000000   Number         0  entry10b.o ABSOLUTE
    ../clib/microlib/init/entry.s            0x00000000   Number         0  entry10a.o ABSOLUTE
    ../clib/microlib/init/entry.s            0x00000000   Number         0  entry9b.o ABSOLUTE
    ../clib/microlib/init/entry.s            0x00000000   Number         0  entry9a.o ABSOLUTE
    ../clib/microlib/init/entry.s            0x00000000   Number         0  entry8b.o ABSOLUTE
    ../clib/microlib/init/entry.s            0x00000000   Number         0  entry8a.o ABSOLUTE
    ../clib/microlib/init/entry.s            0x00000000   Number         0  entry7b.o ABSOLUTE
    ../clib/microlib/init/entry.s            0x00000000   Number         0  entry7a.o ABSOLUTE
    ../clib/microlib/init/entry.s            0x00000000   Number         0  entry5.o ABSOLUTE
    ../clib/microlib/init/entry.s            0x00000000   Number         0  entry2.o ABSOLUTE
    Lib\stm32f10x_flash.c                    0x00000000   Number         0  stm32f10x_flash.o ABSOLUTE
    Lib\stm32f10x_gpio.c                     0x00000000   Number         0  stm32f10x_gpio.o ABSOLUTE
    Lib\stm32f10x_lib.c                      0x00000000   Number         0  stm32f10x_lib.o ABSOLUTE
    Lib\stm32f10x_nvic.c                     0x00000000   Number         0  stm32f10x_nvic.o ABSOLUTE
    Lib\stm32f10x_rcc.c                      0x00000000   Number         0  stm32f10x_rcc.o ABSOLUTE
    Lib\stm32f10x_usart.c                    0x00000000   Number         0  stm32f10x_usart.o ABSOLUTE
    Source\CPESchipdef.c                     0x00000000   Number         0  cpeschipdef.o ABSOLUTE
    Source\ammeter_cmd.c                     0x00000000   Number         0  ammeter_cmd.o ABSOLUTE
    Source\main.c                            0x00000000   Number         0  main.o ABSOLUTE
    Source\rfcomm.c                          0x00000000   Number         0  rfcomm.o ABSOLUTE
    Source\serial.c                          0x00000000   Number         0  serial.o ABSOLUTE
    cortexm3_macro.s                         0x00000000   Number         0  cortexm3_macro.o ABSOLUTE
    dc.s                                     0x00000000   Number         0  dc.o ABSOLUTE
    handlers.s                               0x00000000   Number         0  handlers.o ABSOLUTE
    init.s                                   0x00000000   Number         0  init.o ABSOLUTE
    startup_stm32f10x_md.s                   0x00000000   Number         0  startup_stm32f10x_md.o ABSOLUTE
    RESET                                    0x08000000   Section      236  startup_stm32f10x_md.o(RESET)
    .ARM.Collect$$$$00000000                 0x080000ec   Section        0  entry.o(.ARM.Collect$$$$00000000)
    .ARM.Collect$$$$00000001                 0x080000ec   Section        4  entry2.o(.ARM.Collect$$$$00000001)
    .ARM.Collect$$$$00000004                 0x080000f0   Section        4  entry5.o(.ARM.Collect$$$$00000004)
    .ARM.Collect$$$$00000008                 0x080000f4   Section        0  entry7b.o(.ARM.Collect$$$$00000008)
    .ARM.Collect$$$$0000000A                 0x080000f4   Section        0  entry8b.o(.ARM.Collect$$$$0000000A)
    .ARM.Collect$$$$0000000B                 0x080000f4   Section        8  entry9a.o(.ARM.Collect$$$$0000000B)
    .ARM.Collect$$$$0000000D                 0x080000fc   Section        0  entry10a.o(.ARM.Collect$$$$0000000D)
    .ARM.Collect$$$$0000000F                 0x080000fc   Section        0  entry11a.o(.ARM.Collect$$$$0000000F)
    .ARM.Collect$$$$00002712                 0x080000fc   Section        4  entry2.o(.ARM.Collect$$$$00002712)
    __lit__00000000                          0x080000fc   Data           4  entry2.o(.ARM.Collect$$$$00002712)
    .text                                    0x08000100   Section       36  startup_stm32f10x_md.o(.text)
    .text                                    0x08000124   Section       74  cortexm3_macro.o(.text)
    .text                                    0x08000170   Section        0  main.o(.text)
    .text                                    0x08000228   Section        0  serial.o(.text)
    .text                                    0x08000328   Section        0  rfcomm.o(.text)
    .text                                    0x080003ac   Section        0  cpeschipdef.o(.text)
    .text                                    0x080004d8   Section        0  stm32f10x_gpio.o(.text)
    .text                                    0x080007bc   Section        0  stm32f10x_rcc.o(.text)
    .text                                    0x08000b64   Section        0  stm32f10x_usart.o(.text)
    .text                                    0x08000ed4   Section        0  stm32f10x_flash.o(.text)
    delay                                    0x08000f61   Thumb Code    26  stm32f10x_flash.o(.text)
    .text                                    0x08001404   Section        0  stm32f10x_nvic.o(.text)
    .text                                    0x080017e4   Section       36  init.o(.text)
    i.__scatterload_copy                     0x08001808   Section       14  handlers.o(i.__scatterload_copy)
    i.__scatterload_null                     0x08001816   Section        2  handlers.o(i.__scatterload_null)
    i.__scatterload_zeroinit                 0x08001818   Section       14  handlers.o(i.__scatterload_zeroinit)
    .constdata                               0x08001826   Section       20  stm32f10x_rcc.o(.constdata)
    APBAHBPrescTable                         0x08001826   Data          16  stm32f10x_rcc.o(.constdata)
    ADCPrescTable                            0x08001836   Data           4  stm32f10x_rcc.o(.constdata)
    .data                                    0x20000000   Section       26  serial.o(.data)
    .data                                    0x2000001a   Section        2  rfcomm.o(.data)
    .data                                    0x2000001c   Section        1  cpeschipdef.o(.data)
    .bss                                     0x20000020   Section       82  serial.o(.bss)
    .bss                                     0x20000072   Section       50  rfcomm.o(.bss)
    STACK                                    0x200000a8   Section     1024  startup_stm32f10x_md.o(STACK)

    Global Symbols

    Symbol Name                              Value     Ov Type        Size  Object(Section)

    BuildAttributes$$THM_ISAv4$P$D$K$B$S$PE$A:L22UL41UL21$X:L11$S22US41US21$IEEE1$IW$USESV6$~STKCKD$USESV7$~SHL$OSPACE$EBA8$MICROLIB$REQ8$PRES8$EABIv2 0x00000000   Number         0  anon$$obj.o ABSOLUTE
    __ARM_use_no_argv                        0x00000000   Number         0  main.o ABSOLUTE
    __cpp_initialize__aeabi_                  - Undefined Weak Reference
    __cxa_finalize                            - Undefined Weak Reference
    __decompress                              - Undefined Weak Reference
    _clock_init                               - Undefined Weak Reference
    _microlib_exit                            - Undefined Weak Reference
    __Vectors_Size                           0x000000ec   Number         0  startup_stm32f10x_md.o ABSOLUTE
    __Vectors                                0x08000000   Data           4  startup_stm32f10x_md.o(RESET)
    __Vectors_End                            0x080000ec   Data           0  startup_stm32f10x_md.o(RESET)
    __main                                   0x080000ed   Thumb Code     0  entry.o(.ARM.Collect$$$$00000000)
    _main_stk                                0x080000ed   Thumb Code     0  entry2.o(.ARM.Collect$$$$00000001)
    _main_scatterload                        0x080000f1   Thumb Code     0  entry5.o(.ARM.Collect$$$$00000004)
    __main_after_scatterload                 0x080000f5   Thumb Code     0  entry5.o(.ARM.Collect$$$$00000004)
    _main_clock                              0x080000f5   Thumb Code     0  entry7b.o(.ARM.Collect$$$$00000008)
    _main_cpp_init                           0x080000f5   Thumb Code     0  entry8b.o(.ARM.Collect$$$$0000000A)
    _main_init                               0x080000f5   Thumb Code     0  entry9a.o(.ARM.Collect$$$$0000000B)
    __rt_final_cpp                           0x080000fd   Thumb Code     0  entry10a.o(.ARM.Collect$$$$0000000D)
    __rt_final_exit                          0x080000fd   Thumb Code     0  entry11a.o(.ARM.Collect$$$$0000000F)
    Reset_Handler                            0x08000101   Thumb Code     8  startup_stm32f10x_md.o(.text)
    NMI_Handler                              0x08000109   Thumb Code     2  startup_stm32f10x_md.o(.text)
    HardFault_Handler                        0x0800010b   Thumb Code     2  startup_stm32f10x_md.o(.text)
    MemManage_Handler                        0x0800010d   Thumb Code     2  startup_stm32f10x_md.o(.text)
    BusFault_Handler                         0x0800010f   Thumb Code     2  startup_stm32f10x_md.o(.text)
    UsageFault_Handler                       0x08000111   Thumb Code     2  startup_stm32f10x_md.o(.text)
    SVC_Handler                              0x08000113   Thumb Code     2  startup_stm32f10x_md.o(.text)
    DebugMon_Handler                         0x08000115   Thumb Code     2  startup_stm32f10x_md.o(.text)
    PendSV_Handler                           0x08000117   Thumb Code     2  startup_stm32f10x_md.o(.text)
    SysTick_Handler                          0x08000119   Thumb Code     2  startup_stm32f10x_md.o(.text)
    ADC1_2_IRQHandler                        0x0800011b   Thumb Code     0  startup_stm32f10x_md.o(.text)
    CAN1_RX1_IRQHandler                      0x0800011b   Thumb Code     0  startup_stm32f10x_md.o(.text)
    CAN1_SCE_IRQHandler                      0x0800011b   Thumb Code     0  startup_stm32f10x_md.o(.text)
    DMA1_Channel1_IRQHandler                 0x0800011b   Thumb Code     0  startup_stm32f10x_md.o(.text)
    DMA1_Channel2_IRQHandler                 0x0800011b   Thumb Code     0  startup_stm32f10x_md.o(.text)
    DMA1_Channel3_IRQHandler                 0x0800011b   Thumb Code     0  startup_stm32f10x_md.o(.text)
    DMA1_Channel4_IRQHandler                 0x0800011b   Thumb Code     0  startup_stm32f10x_md.o(.text)
    DMA1_Channel5_IRQHandler                 0x0800011b   Thumb Code     0  startup_stm32f10x_md.o(.text)
    DMA1_Channel6_IRQHandler                 0x0800011b   Thumb Code     0  startup_stm32f10x_md.o(.text)
    DMA1_Channel7_IRQHandler                 0x0800011b   Thumb Code     0  startup_stm32f10x_md.o(.text)
    EXTI0_IRQHandler                         0x0800011b   Thumb Code     0  startup_stm32f10x_md.o(.text)
    EXTI15_10_IRQHandler                     0x0800011b   Thumb Code     0  startup_stm32f10x_md.o(.text)
    EXTI1_IRQHandler                         0x0800011b   Thumb Code     0  startup_stm32f10x_md.o(.text)
    EXTI2_IRQHandler                         0x0800011b   Thumb Code     0  startup_stm32f10x_md.o(.text)
    EXTI3_IRQHandler                         0x0800011b   Thumb Code     0  startup_stm32f10x_md.o(.text)
    EXTI4_IRQHandler                         0x0800011b   Thumb Code     0  startup_stm32f10x_md.o(.text)
    EXTI9_5_IRQHandler                       0x0800011b   Thumb Code     0  startup_stm32f10x_md.o(.text)
    FLASH_IRQHandler                         0x0800011b   Thumb Code     0  startup_stm32f10x_md.o(.text)
    I2C1_ER_IRQHandler                       0x0800011b   Thumb Code     0  startup_stm32f10x_md.o(.text)
    I2C1_EV_IRQHandler                       0x0800011b   Thumb Code     0  startup_stm32f10x_md.o(.text)
    I2C2_ER_IRQHandler                       0x0800011b   Thumb Code     0  startup_stm32f10x_md.o(.text)
    I2C2_EV_IRQHandler                       0x0800011b   Thumb Code     0  startup_stm32f10x_md.o(.text)
    PVD_IRQHandler                           0x0800011b   Thumb Code     0  startup_stm32f10x_md.o(.text)
    RCC_IRQHandler                           0x0800011b   Thumb Code     0  startup_stm32f10x_md.o(.text)
    RTCAlarm_IRQHandler                      0x0800011b   Thumb Code     0  startup_stm32f10x_md.o(.text)
    RTC_IRQHandler                           0x0800011b   Thumb Code     0  startup_stm32f10x_md.o(.text)
    SPI1_IRQHandler                          0x0800011b   Thumb Code     0  startup_stm32f10x_md.o(.text)
    SPI2_IRQHandler                          0x0800011b   Thumb Code     0  startup_stm32f10x_md.o(.text)
    TAMPER_IRQHandler                        0x0800011b   Thumb Code     0  startup_stm32f10x_md.o(.text)
    TIM1_BRK_IRQHandler                      0x0800011b   Thumb Code     0  startup_stm32f10x_md.o(.text)
    TIM1_CC_IRQHandler                       0x0800011b   Thumb Code     0  startup_stm32f10x_md.o(.text)
    TIM1_TRG_COM_IRQHandler                  0x0800011b   Thumb Code     0  startup_stm32f10x_md.o(.text)
    TIM1_UP_IRQHandler                       0x0800011b   Thumb Code     0  startup_stm32f10x_md.o(.text)
    TIM2_IRQHandler                          0x0800011b   Thumb Code     0  startup_stm32f10x_md.o(.text)
    TIM3_IRQHandler                          0x0800011b   Thumb Code     0  startup_stm32f10x_md.o(.text)
    TIM4_IRQHandler                          0x0800011b   Thumb Code     0  startup_stm32f10x_md.o(.text)
    USART1_IRQHandler                        0x0800011b   Thumb Code     0  startup_stm32f10x_md.o(.text)
    USART2_IRQHandler                        0x0800011b   Thumb Code     0  startup_stm32f10x_md.o(.text)
    USART3_IRQHandler                        0x0800011b   Thumb Code     0  startup_stm32f10x_md.o(.text)
    USBWakeUp_IRQHandler                     0x0800011b   Thumb Code     0  startup_stm32f10x_md.o(.text)
    USB_HP_CAN1_TX_IRQHandler                0x0800011b   Thumb Code     0  startup_stm32f10x_md.o(.text)
    USB_LP_CAN1_RX0_IRQHandler               0x0800011b   Thumb Code     0  startup_stm32f10x_md.o(.text)
    WWDG_IRQHandler                          0x0800011b   Thumb Code     0  startup_stm32f10x_md.o(.text)
    __WFI                                    0x08000125   Thumb Code     0  cortexm3_macro.o(.text)
    __WFE                                    0x08000129   Thumb Code     0  cortexm3_macro.o(.text)
    __SEV                                    0x0800012d   Thumb Code     0  cortexm3_macro.o(.text)
    __ISB                                    0x08000131   Thumb Code     0  cortexm3_macro.o(.text)
    __DSB                                    0x08000137   Thumb Code     0  cortexm3_macro.o(.text)
    __DMB                                    0x0800013d   Thumb Code     0  cortexm3_macro.o(.text)
    __SVC                                    0x08000143   Thumb Code     0  cortexm3_macro.o(.text)
    __MRS_CONTROL                            0x08000147   Thumb Code     0  cortexm3_macro.o(.text)
    __MSR_CONTROL                            0x0800014d   Thumb Code     0  cortexm3_macro.o(.text)
    __SETPRIMASK                             0x08000153   Thumb Code     0  cortexm3_macro.o(.text)
    __RESETPRIMASK                           0x08000157   Thumb Code     0  cortexm3_macro.o(.text)
    __SETFAULTMASK                           0x0800015b   Thumb Code     0  cortexm3_macro.o(.text)
    __RESETFAULTMASK                         0x0800015f   Thumb Code     0  cortexm3_macro.o(.text)
    __BASEPRICONFIG                          0x08000163   Thumb Code     0  cortexm3_macro.o(.text)
    __GetBASEPRI                             0x08000169   Thumb Code     0  cortexm3_macro.o(.text)
    Delay                                    0x08000171   Thumb Code    18  main.o(.text)
    copyBuffer                               0x08000183   Thumb Code    28  main.o(.text)
    initBoard                                0x0800019f   Thumb Code    16  main.o(.text)
    main                                     0x080001af   Thumb Code    92  main.o(.text)
    SystemInit                               0x0800020b   Thumb Code     2  main.o(.text)
    USART_Configuration                      0x08000229   Thumb Code    74  serial.o(.text)
    USART_WaitForData                        0x08000273   Thumb Code    76  serial.o(.text)
    USART_SendCmd                            0x080002bf   Thumb Code    54  serial.o(.text)
    InitUSARTPort                            0x080002f5   Thumb Code    24  serial.o(.text)
    RF_RecvCmd                               0x08000329   Thumb Code    68  rfcomm.o(.text)
    RF_SendData                              0x0800036d   Thumb Code    46  rfcomm.o(.text)
    RCC_Configuration                        0x080003ad   Thumb Code   128  cpeschipdef.o(.text)
    GPIO_Configuration                       0x0800042d   Thumb Code   150  cpeschipdef.o(.text)
    NVIC_Configuration                       0x080004c3   Thumb Code    14  cpeschipdef.o(.text)
    GPIO_DeInit                              0x080004d9   Thumb Code   138  stm32f10x_gpio.o(.text)
    GPIO_AFIODeInit                          0x08000563   Thumb Code    20  stm32f10x_gpio.o(.text)
    GPIO_Init                                0x08000577   Thumb Code   274  stm32f10x_gpio.o(.text)
    GPIO_StructInit                          0x08000689   Thumb Code    16  stm32f10x_gpio.o(.text)
    GPIO_ReadInputDataBit                    0x08000699   Thumb Code    18  stm32f10x_gpio.o(.text)
    GPIO_ReadInputData                       0x080006ab   Thumb Code     8  stm32f10x_gpio.o(.text)
    GPIO_ReadOutputDataBit                   0x080006b3   Thumb Code    18  stm32f10x_gpio.o(.text)
    GPIO_ReadOutputData                      0x080006c5   Thumb Code     8  stm32f10x_gpio.o(.text)
    GPIO_SetBits                             0x080006cd   Thumb Code     4  stm32f10x_gpio.o(.text)
    GPIO_ResetBits                           0x080006d1   Thumb Code     4  stm32f10x_gpio.o(.text)
    GPIO_WriteBit                            0x080006d5   Thumb Code    10  stm32f10x_gpio.o(.text)
    GPIO_Write                               0x080006df   Thumb Code     4  stm32f10x_gpio.o(.text)
    GPIO_PinLockConfig                       0x080006e3   Thumb Code    18  stm32f10x_gpio.o(.text)
    GPIO_EventOutputConfig                   0x080006f5   Thumb Code    26  stm32f10x_gpio.o(.text)
    GPIO_EventOutputCmd                      0x0800070f   Thumb Code     6  stm32f10x_gpio.o(.text)
    GPIO_PinRemapConfig                      0x08000715   Thumb Code    86  stm32f10x_gpio.o(.text)
    GPIO_EXTILineConfig                      0x0800076b   Thumb Code    66  stm32f10x_gpio.o(.text)
    RCC_DeInit                               0x080007bd   Thumb Code    78  stm32f10x_rcc.o(.text)
    RCC_HSEConfig                            0x0800080b   Thumb Code    70  stm32f10x_rcc.o(.text)
    RCC_GetFlagStatus                        0x08000851   Thumb Code    56  stm32f10x_rcc.o(.text)
    RCC_WaitForHSEStartUp                    0x08000889   Thumb Code    44  stm32f10x_rcc.o(.text)
    RCC_AdjustHSICalibrationValue            0x080008b5   Thumb Code    20  stm32f10x_rcc.o(.text)
    RCC_HSICmd                               0x080008c9   Thumb Code     6  stm32f10x_rcc.o(.text)
    RCC_PLLConfig                            0x080008cf   Thumb Code    24  stm32f10x_rcc.o(.text)
    RCC_PLLCmd                               0x080008e7   Thumb Code     6  stm32f10x_rcc.o(.text)
    RCC_SYSCLKConfig                         0x080008ed   Thumb Code    18  stm32f10x_rcc.o(.text)
    RCC_GetSYSCLKSource                      0x080008ff   Thumb Code    10  stm32f10x_rcc.o(.text)
    RCC_HCLKConfig                           0x08000909   Thumb Code    18  stm32f10x_rcc.o(.text)
    RCC_PCLK1Config                          0x0800091b   Thumb Code    18  stm32f10x_rcc.o(.text)
    RCC_PCLK2Config                          0x0800092d   Thumb Code    20  stm32f10x_rcc.o(.text)
    RCC_ITConfig                             0x08000941   Thumb Code    26  stm32f10x_rcc.o(.text)
    RCC_USBCLKConfig                         0x0800095b   Thumb Code     6  stm32f10x_rcc.o(.text)
    RCC_ADCCLKConfig                         0x08000961   Thumb Code    18  stm32f10x_rcc.o(.text)
    RCC_LSEConfig                            0x08000973   Thumb Code    44  stm32f10x_rcc.o(.text)
    RCC_LSICmd                               0x0800099f   Thumb Code     6  stm32f10x_rcc.o(.text)
    RCC_RTCCLKConfig                         0x080009a5   Thumb Code    12  stm32f10x_rcc.o(.text)
    RCC_RTCCLKCmd                            0x080009b1   Thumb Code     8  stm32f10x_rcc.o(.text)
    RCC_GetClocksFreq                        0x080009b9   Thumb Code   192  stm32f10x_rcc.o(.text)
    RCC_AHBPeriphClockCmd                    0x08000a79   Thumb Code    26  stm32f10x_rcc.o(.text)
    RCC_APB2PeriphClockCmd                   0x08000a93   Thumb Code    26  stm32f10x_rcc.o(.text)
    RCC_APB1PeriphClockCmd                   0x08000aad   Thumb Code    26  stm32f10x_rcc.o(.text)
    RCC_APB2PeriphResetCmd                   0x08000ac7   Thumb Code    26  stm32f10x_rcc.o(.text)
    RCC_APB1PeriphResetCmd                   0x08000ae1   Thumb Code    26  stm32f10x_rcc.o(.text)
    RCC_BackupResetCmd                       0x08000afb   Thumb Code     8  stm32f10x_rcc.o(.text)
    RCC_ClockSecuritySystemCmd               0x08000b03   Thumb Code     6  stm32f10x_rcc.o(.text)
    RCC_MCOConfig                            0x08000b09   Thumb Code     6  stm32f10x_rcc.o(.text)
    RCC_ClearFlag                            0x08000b0f   Thumb Code    14  stm32f10x_rcc.o(.text)
    RCC_GetITStatus                          0x08000b1d   Thumb Code    20  stm32f10x_rcc.o(.text)
    RCC_ClearITPendingBit                    0x08000b31   Thumb Code     6  stm32f10x_rcc.o(.text)
    USART_DeInit                             0x08000b65   Thumb Code   146  stm32f10x_usart.o(.text)
    USART_Init                               0x08000bf7   Thumb Code   150  stm32f10x_usart.o(.text)
    USART_StructInit                         0x08000c8d   Thumb Code    24  stm32f10x_usart.o(.text)
    USART_ClockInit                          0x08000ca5   Thumb Code    34  stm32f10x_usart.o(.text)
    USART_ClockStructInit                    0x08000cc7   Thumb Code    12  stm32f10x_usart.o(.text)
    USART_Cmd                                0x08000cd3   Thumb Code    24  stm32f10x_usart.o(.text)
    USART_ITConfig                           0x08000ceb   Thumb Code    64  stm32f10x_usart.o(.text)
    USART_DMACmd                             0x08000d2b   Thumb Code    18  stm32f10x_usart.o(.text)
    USART_SetAddress                         0x08000d3d   Thumb Code    18  stm32f10x_usart.o(.text)
    USART_WakeUpConfig                       0x08000d4f   Thumb Code    18  stm32f10x_usart.o(.text)
    USART_ReceiverWakeUpCmd                  0x08000d61   Thumb Code    24  stm32f10x_usart.o(.text)
    USART_LINBreakDetectLengthConfig         0x08000d79   Thumb Code    18  stm32f10x_usart.o(.text)
    USART_LINCmd                             0x08000d8b   Thumb Code    24  stm32f10x_usart.o(.text)
    USART_SendData                           0x08000da3   Thumb Code     8  stm32f10x_usart.o(.text)
    USART_ReceiveData                        0x08000dab   Thumb Code    10  stm32f10x_usart.o(.text)
    USART_SendBreak                          0x08000db5   Thumb Code    10  stm32f10x_usart.o(.text)
    USART_SetGuardTime                       0x08000dbf   Thumb Code    16  stm32f10x_usart.o(.text)
    USART_SetPrescaler                       0x08000dcf   Thumb Code    16  stm32f10x_usart.o(.text)
    USART_SmartCardCmd                       0x08000ddf   Thumb Code    24  stm32f10x_usart.o(.text)
    USART_SmartCardNACKCmd                   0x08000df7   Thumb Code    24  stm32f10x_usart.o(.text)
    USART_HalfDuplexCmd                      0x08000e0f   Thumb Code    24  stm32f10x_usart.o(.text)
    USART_IrDAConfig                         0x08000e27   Thumb Code    18  stm32f10x_usart.o(.text)
    USART_IrDACmd                            0x08000e39   Thumb Code    24  stm32f10x_usart.o(.text)
    USART_GetFlagStatus                      0x08000e51   Thumb Code    18  stm32f10x_usart.o(.text)
    USART_ClearFlag                          0x08000e63   Thumb Code     6  stm32f10x_usart.o(.text)
    USART_GetITStatus                        0x08000e69   Thumb Code    76  stm32f10x_usart.o(.text)
    USART_ClearITPendingBit                  0x08000eb5   Thumb Code    20  stm32f10x_usart.o(.text)
    FLASH_SetLatency                         0x08000ed5   Thumb Code    22  stm32f10x_flash.o(.text)
    FLASH_HalfCycleAccessCmd                 0x08000eeb   Thumb Code    22  stm32f10x_flash.o(.text)
    FLASH_PrefetchBufferCmd                  0x08000f01   Thumb Code    22  stm32f10x_flash.o(.text)
    FLASH_Unlock                             0x08000f17   Thumb Code    12  stm32f10x_flash.o(.text)
    FLASH_Lock                               0x08000f23   Thumb Code    14  stm32f10x_flash.o(.text)
    FLASH_GetStatus                          0x08000f31   Thumb Code    48  stm32f10x_flash.o(.text)
    FLASH_WaitForLastOperation               0x08000f7b   Thumb Code    42  stm32f10x_flash.o(.text)
    FLASH_ErasePage                          0x08000fa5   Thumb Code    76  stm32f10x_flash.o(.text)
    FLASH_EraseAllPages                      0x08000ff1   Thumb Code    72  stm32f10x_flash.o(.text)
    FLASH_EraseOptionBytes                   0x08001039   Thumb Code   142  stm32f10x_flash.o(.text)
    FLASH_ProgramWord                        0x080010c7   Thumb Code   100  stm32f10x_flash.o(.text)
    FLASH_ProgramHalfWord                    0x0800112b   Thumb Code    64  stm32f10x_flash.o(.text)
    FLASH_ProgramOptionByteData              0x0800116b   Thumb Code    72  stm32f10x_flash.o(.text)
    FLASH_EnableWriteProtection              0x080011b3   Thumb Code   182  stm32f10x_flash.o(.text)
    FLASH_ReadOutProtection                  0x08001269   Thumb Code   174  stm32f10x_flash.o(.text)
    FLASH_UserOptionByteConfig               0x08001317   Thumb Code    94  stm32f10x_flash.o(.text)
    FLASH_GetUserOptionByte                  0x08001375   Thumb Code     8  stm32f10x_flash.o(.text)
    FLASH_GetWriteProtectionOptionByte       0x0800137d   Thumb Code     6  stm32f10x_flash.o(.text)
    FLASH_GetReadOutProtectionStatus         0x08001383   Thumb Code    20  stm32f10x_flash.o(.text)
    FLASH_GetPrefetchBufferStatus            0x08001397   Thumb Code    20  stm32f10x_flash.o(.text)
    FLASH_ITConfig                           0x080013ab   Thumb Code    26  stm32f10x_flash.o(.text)
    FLASH_GetFlagStatus                      0x080013c5   Thumb Code    42  stm32f10x_flash.o(.text)
    FLASH_ClearFlag                          0x080013ef   Thumb Code     6  stm32f10x_flash.o(.text)
    NVIC_DeInit                              0x08001405   Thumb Code    58  stm32f10x_nvic.o(.text)
    NVIC_SCBDeInit                           0x0800143f   Thumb Code    76  stm32f10x_nvic.o(.text)
    NVIC_PriorityGroupConfig                 0x0800148b   Thumb Code    12  stm32f10x_nvic.o(.text)
    NVIC_Init                                0x08001497   Thumb Code   154  stm32f10x_nvic.o(.text)
    NVIC_StructInit                          0x08001531   Thumb Code    12  stm32f10x_nvic.o(.text)
    NVIC_SETPRIMASK                          0x0800153d   Thumb Code     8  stm32f10x_nvic.o(.text)
    NVIC_RESETPRIMASK                        0x08001545   Thumb Code     8  stm32f10x_nvic.o(.text)
    NVIC_SETFAULTMASK                        0x0800154d   Thumb Code     8  stm32f10x_nvic.o(.text)
    NVIC_RESETFAULTMASK                      0x08001555   Thumb Code     8  stm32f10x_nvic.o(.text)
    NVIC_BASEPRICONFIG                       0x0800155d   Thumb Code    12  stm32f10x_nvic.o(.text)
    NVIC_GetBASEPRI                          0x08001569   Thumb Code     8  stm32f10x_nvic.o(.text)
    NVIC_GetCurrentPendingIRQChannel         0x08001571   Thumb Code    10  stm32f10x_nvic.o(.text)
    NVIC_GetIRQChannelPendingBitStatus       0x0800157b   Thumb Code    42  stm32f10x_nvic.o(.text)
    NVIC_SetIRQChannelPendingBit             0x080015a5   Thumb Code     6  stm32f10x_nvic.o(.text)
    NVIC_ClearIRQChannelPendingBit           0x080015ab   Thumb Code    20  stm32f10x_nvic.o(.text)
    NVIC_GetCurrentActiveHandler             0x080015bf   Thumb Code    10  stm32f10x_nvic.o(.text)
    NVIC_GetIRQChannelActiveBitStatus        0x080015c9   Thumb Code    42  stm32f10x_nvic.o(.text)
    NVIC_GetCPUID                            0x080015f3   Thumb Code     8  stm32f10x_nvic.o(.text)
    NVIC_SetVectorTable                      0x080015fb   Thumb Code    14  stm32f10x_nvic.o(.text)
    NVIC_GenerateSystemReset                 0x08001609   Thumb Code    12  stm32f10x_nvic.o(.text)
    NVIC_GenerateCoreReset                   0x08001615   Thumb Code    12  stm32f10x_nvic.o(.text)
    NVIC_SystemLPConfig                      0x08001621   Thumb Code    34  stm32f10x_nvic.o(.text)
    NVIC_SystemHandlerConfig                 0x08001643   Thumb Code    48  stm32f10x_nvic.o(.text)
    NVIC_SystemHandlerPriorityConfig         0x08001673   Thumb Code   110  stm32f10x_nvic.o(.text)
    NVIC_GetSystemHandlerPendingBitStatus    0x080016e1   Thumb Code    44  stm32f10x_nvic.o(.text)
    NVIC_SetSystemHandlerPendingBit          0x0800170d   Thumb Code    22  stm32f10x_nvic.o(.text)
    NVIC_ClearSystemHandlerPendingBit        0x08001723   Thumb Code    26  stm32f10x_nvic.o(.text)
    NVIC_GetSystemHandlerActiveBitStatus     0x0800173d   Thumb Code    42  stm32f10x_nvic.o(.text)
    NVIC_GetFaultHandlerSources              0x08001767   Thumb Code    66  stm32f10x_nvic.o(.text)
    NVIC_GetFaultAddress                     0x080017a9   Thumb Code    28  stm32f10x_nvic.o(.text)
    __scatterload                            0x080017e5   Thumb Code    28  init.o(.text)
    __scatterload_rt2                        0x080017e5   Thumb Code     0  init.o(.text)
    __scatterload_copy                       0x08001809   Thumb Code    14  handlers.o(i.__scatterload_copy)
    __scatterload_null                       0x08001817   Thumb Code     2  handlers.o(i.__scatterload_null)
    __scatterload_zeroinit                   0x08001819   Thumb Code    14  handlers.o(i.__scatterload_zeroinit)
    Region$$Table$$Base                      0x0800183c   Number         0  anon$$obj.o(Region$$Table)
    Region$$Table$$Limit                     0x0800185c   Number         0  anon$$obj.o(Region$$Table)
    TxBuffer                                 0x20000000   Data          16  serial.o(.data)
    TxBufferSize                             0x20000010   Data           1  serial.o(.data)
    RxBufferSize                             0x20000011   Data           1  serial.o(.data)
    SerialBufferSize                         0x20000012   Data           1  serial.o(.data)
    SerialDataLength                         0x20000013   Data           1  serial.o(.data)
    TxCounter                                0x20000014   Data           1  serial.o(.data)
    RxCounter                                0x20000015   Data           1  serial.o(.data)
    GPIO_InitStructure                       0x20000016   Data           4  serial.o(.data)
    RFBufferSize                             0x2000001a   Data           1  rfcomm.o(.data)
    RFDataLength                             0x2000001b   Data           1  rfcomm.o(.data)
    HSEStartUpStatus                         0x2000001c   Data           1  cpeschipdef.o(.data)
    RxBuffer                                 0x20000020   Data          16  serial.o(.bss)
    USART_InitStructure                      0x20000030   Data          16  serial.o(.bss)
    SerialBuffer                             0x20000040   Data          50  serial.o(.bss)
    RFBuffer                                 0x20000072   Data          50  rfcomm.o(.bss)
    __initial_sp                             0x200004a8   Data           0  startup_stm32f10x_md.o(STACK)



==============================================================================

Memory Map of the image

  Image Entry point : 0x08000101

  Load Region LR_1 (Base: 0x08000000, Size: 0x0000187c, Max: 0xffffffff, ABSOLUTE)

    Execution Region ER_RO (Base: 0x08000000, Size: 0x0000185c, Max: 0xffffffff, ABSOLUTE)

    Base Addr    Size         Type   Attr      Idx    E Section Name        Object

    0x08000000   0x000000ec   Data   RO            3    RESET               startup_stm32f10x_md.o
    0x080000ec   0x00000000   Code   RO          254  * .ARM.Collect$$$$00000000  mc_w.l(entry.o)
    0x080000ec   0x00000004   Code   RO          257    .ARM.Collect$$$$00000001  mc_w.l(entry2.o)
    0x080000f0   0x00000004   Code   RO          260    .ARM.Collect$$$$00000004  mc_w.l(entry5.o)
    0x080000f4   0x00000000   Code   RO          262    .ARM.Collect$$$$00000008  mc_w.l(entry7b.o)
    0x080000f4   0x00000000   Code   RO          264    .ARM.Collect$$$$0000000A  mc_w.l(entry8b.o)
    0x080000f4   0x00000008   Code   RO          265    .ARM.Collect$$$$0000000B  mc_w.l(entry9a.o)
    0x080000fc   0x00000000   Code   RO          267    .ARM.Collect$$$$0000000D  mc_w.l(entry10a.o)
    0x080000fc   0x00000000   Code   RO          269    .ARM.Collect$$$$0000000F  mc_w.l(entry11a.o)
    0x080000fc   0x00000004   Code   RO          258    .ARM.Collect$$$$00002712  mc_w.l(entry2.o)
    0x08000100   0x00000024   Code   RO            4  * .text               startup_stm32f10x_md.o
    0x08000124   0x0000004a   Code   RO           10    .text               cortexm3_macro.o
    0x0800016e   0x00000002   PAD
    0x08000170   0x000000b8   Code   RO           13    .text               main.o
    0x08000228   0x00000100   Code   RO          124    .text               serial.o
    0x08000328   0x00000084   Code   RO          149    .text               rfcomm.o
    0x080003ac   0x0000012c   Code   RO          165    .text               cpeschipdef.o
    0x080004d8   0x000002e4   Code   RO          180    .text               stm32f10x_gpio.o
    0x080007bc   0x000003a8   Code   RO          201    .text               stm32f10x_rcc.o
    0x08000b64   0x00000370   Code   RO          215    .text               stm32f10x_usart.o
    0x08000ed4   0x00000530   Code   RO          227    .text               stm32f10x_flash.o
    0x08001404   0x000003e0   Code   RO          239    .text               stm32f10x_nvic.o
    0x080017e4   0x00000024   Code   RO          271    .text               mc_w.l(init.o)
    0x08001808   0x0000000e   Code   RO          275    i.__scatterload_copy  mc_w.l(handlers.o)
    0x08001816   0x00000002   Code   RO          276    i.__scatterload_null  mc_w.l(handlers.o)
    0x08001818   0x0000000e   Code   RO          277    i.__scatterload_zeroinit  mc_w.l(handlers.o)
    0x08001826   0x00000014   Data   RO          202    .constdata          stm32f10x_rcc.o
    0x0800183a   0x00000002   PAD
    0x0800183c   0x00000020   Data   RO          273    Region$$Table       anon$$obj.o


    Execution Region ER_RW (Base: 0x20000000, Size: 0x00000020, Max: 0xffffffff, ABSOLUTE)

    Base Addr    Size         Type   Attr      Idx    E Section Name        Object

    0x20000000   0x0000001a   Data   RW          126    .data               serial.o
    0x2000001a   0x00000002   Data   RW          151    .data               rfcomm.o
    0x2000001c   0x00000001   Data   RW          166    .data               cpeschipdef.o


    Execution Region ER_ZI (Base: 0x20000020, Size: 0x00000488, Max: 0xffffffff, ABSOLUTE)

    Base Addr    Size         Type   Attr      Idx    E Section Name        Object

    0x20000020   0x00000052   Zero   RW          125    .bss                serial.o
    0x20000072   0x00000032   Zero   RW          150    .bss                rfcomm.o
    0x200000a4   0x00000004   PAD
    0x200000a8   0x00000400   Zero   RW            1    STACK               startup_stm32f10x_md.o


==============================================================================

Image component sizes


      Code (inc. data)   RO Data    RW Data    ZI Data      Debug   Object Name

        74          0          0          0          0        252   cortexm3_macro.o
       300          8          0          1          0       1093   cpeschipdef.o
       184         28          0          0          0      43283   main.o
       132         18          0          2         50       1146   rfcomm.o
       256         28          0         26         82       2064   serial.o
        36          8        236          0       1024        756   startup_stm32f10x_md.o
      1328         34          0          0          0       5746   stm32f10x_flash.o
       740         16          0          0          0       4983   stm32f10x_gpio.o
       992         32          0          0          0      14684   stm32f10x_nvic.o
       936         46         20          0          0       8408   stm32f10x_rcc.o
       880         12          0          0          0       7535   stm32f10x_usart.o

    ----------------------------------------------------------------------
      5860        230        290         32       1160      89950   Object Totals
         0          0         32          0          0          0   (incl. Generated)
         2          0          2          3          4          0   (incl. Padding)

    ----------------------------------------------------------------------

      Code (inc. data)   RO Data    RW Data    ZI Data      Debug   Library Member Name

         0          0          0          0          0          0   entry.o
         0          0          0          0          0          0   entry10a.o
         0          0          0          0          0          0   entry11a.o
         8          4          0          0          0          0   entry2.o
         4          0          0          0          0          0   entry5.o
         0          0          0          0          0          0   entry7b.o
         0          0          0          0          0          0   entry8b.o
         8          4          0          0          0          0   entry9a.o
        30          0          0          0          0          0   handlers.o
        36          8          0          0          0         68   init.o

    ----------------------------------------------------------------------
        86         16          0          0          0         68   Library Totals
         0          0          0          0          0          0   (incl. Padding)

    ----------------------------------------------------------------------

      Code (inc. data)   RO Data    RW Data    ZI Data      Debug   Library Name

        86         16          0          0          0         68   mc_w.l

    ----------------------------------------------------------------------
        86         16          0          0          0         68   Library Totals

    ----------------------------------------------------------------------

==============================================================================


      Code (inc. data)   RO Data    RW Data    ZI Data      Debug   

      5946        246        290         32       1160      89030   Grand Totals
      5946        246        290         32       1160      89030   ELF Image Totals
      5946        246        290         32          0          0   ROM Totals

==============================================================================

    Total RO  Size (Code + RO Data)                 6236 (   6.09kB)
    Total RW  Size (RW Data + ZI Data)              1192 (   1.16kB)
    Total ROM Size (Code + RO Data + RW Data)       6268 (   6.12kB)

==============================================================================

